<html>
<body>
<pre>
<h1>礦ision Build Log</h1>
<h2>Tool Versions:</h2>
IDE-Version: μVision V5.14.0.0
Copyright (C) 2015 ARM Ltd and ARM Germany GmbH. All rights reserved.
License Information: sdcs ee, efwew, LIC=Q7GII-T2ZMA-YBNE9-4687Y-6SJ4D-HFYK1
 
Tool Versions:
Toolchain:       MDK-ARM Professional  Version: 5.14.0.0
Toolchain Path:  D:\Keil_v5\ARM\ARMCC\Bin
C Compiler:      Armcc.exe V5.05 update 1 (build 106)
Assembler:       Armasm.exe V5.05 update 1 (build 106)
Linker/Locator:  ArmLink.exe V5.05 update 1 (build 106)
Library Manager: ArmAr.exe V5.05 update 1 (build 106)
Hex Converter:   FromElf.exe V5.05 update 1 (build 106)
CPU DLL:         SARMCM3.DLL V5.14.0.0
Dialog DLL:      DCM.DLL V1.13.1.0
Target DLL:      Segger\JL2CM3.dll V2.99.13.0
Dialog DLL:      TCM.DLL V1.14.4.0
 
<h2>Project:</h2>
F:\研究生\单片机\STM32\项目\水质检测\程序\BC28_水质_EC20\USER\USART.uvprojx
Project File Date:  10/24/2020

<h2>Output:</h2>
Build target 'BC28_Transport_tem'
Clean started - Project: 'USART'
   deleting intermediate output files for target 'BC28_Transport_tem'
compiling main.c...
main.c(210): warning:  #1035-D: single-precision operand implicitly converted to double-precision
          PH_GET=1.21*(float)Get_Adc_Average(ADC_Channel_6,10)/ADC_Value_adj; //AD转换
main.c(212): warning:  #1035-D: single-precision operand implicitly converted to double-precision
                if(PH_Value<=0.0){PH_Value=0.0;}
main.c(213): warning:  #1035-D: single-precision operand implicitly converted to double-precision
                if(PH_Value>=14.0){PH_Value=14.0;}
main.c(218): warning:  #1035-D: single-precision operand implicitly converted to double-precision
                if(PH_Value<=6.0||PH_Value>=9.5)
main.c(218): warning:  #1035-D: single-precision operand implicitly converted to double-precision
                if(PH_Value<=6.0||PH_Value>=9.5)
main.c(255): warning:  #1035-D: single-precision operand implicitly converted to double-precision
                compensationCoefficient=1.0+0.02*((temp_data/10)-25.0); 
main.c(257): warning:  #1035-D: single-precision operand implicitly converted to double-precision
                if((TDS_GET>=0)&&(TDS_GET<0.1))
main.c(88): warning:  #177-D: variable "temperature" was declared but never referenced
      short temperature;
main.c(94): warning:  #177-D: variable "tempstr_GPS" was declared but never referenced
                char tempstr_GPS[BUFLEN];
main.c(95): warning:  #177-D: variable "senddata_GPS" was declared but never referenced
          char senddata_GPS[BUFLEN];
main.c(99): warning:  #177-D: variable "key_HC05" was declared but never referenced
                u8 key_HC05=0;
main.c(101): warning:  #177-D: variable "lenx" was declared but never referenced
                u16 lenx,c=10;
main.c(102): warning:  #177-D: variable "upload" was declared but never referenced
                u8 upload=0; 
main.c(310): warning:  #1035-D: single-precision operand implicitly converted to double-precision
        EC_GET=1.21*(float)Get_Adc_Average(ADC_Channel_10,10)/ADC_Value_adj; //AD转换
main.c(311): warning:  #1035-D: single-precision operand implicitly converted to double-precision
        raw_EC = 1000*EC_GET/RES2/ECREF;
main.c(315): warning:  #1035-D: single-precision operand implicitly converted to double-precision
        if(EC_valueTemp>2.0)
main.c(319): warning:  #1035-D: single-precision operand implicitly converted to double-precision
        else if(EC_valueTemp<=2.0)
main.c(324): warning:  #1035-D: single-precision operand implicitly converted to double-precision
        compensationCoefficient=1.0+0.0185*((temp_data/10)-25.0); //温度系数补偿
main.c(333): warning:  #1035-D: single-precision operand implicitly converted to double-precision
                TU =1.21*(float)Get_Adc_Average(ADC_Channel_12,10)/ADC_Value_adj; //AD转换
main.c: 19 warnings, 0 errors
compiling stm32f4xx_it.c...
compiling system_stm32f4xx.c...
compiling bc28.c...
compiling lcd.c...
compiling timer.c...
compiling key.c...
compiling led.c...
compiling HEXSTR.c...
compiling adc.c...
compiling common.c...
compiling DS18B20.c...
compiling gps.c...
compiling hc05.c...
compiling delay.c...
compiling sys.c...
compiling usart.c...
assembling startup_stm32f40_41xxx.s...
compiling misc.c...
compiling stm32f4xx_gpio.c...
compiling stm32f4xx_rcc.c...
compiling stm32f4xx_syscfg.c...
compiling stm32f4xx_usart.c...
compiling stm32f4xx_adc.c...
compiling stm32f4xx_can.c...
compiling stm32f4xx_dma.c...
compiling stm32f4xx_exti.c...
compiling stm32f4xx_flash.c...
compiling stm32f4xx_i2c.c...
compiling stm32f4xx_iwdg.c...
compiling stm32f4xx_spi.c...
compiling stm32f4xx_wwdg.c...
compiling stm32f4xx_tim.c...
compiling stm32f4xx_sdio.c...
compiling stm32f4xx_sai.c...
compiling stm32f4xx_rtc.c...
compiling stm32f4xx_rng.c...
compiling stm32f4xx_flash_ramfunc.c...
compiling stm32f4xx_fsmc.c...
linking...
Program Size: Code=21040 RO-data=7756 RW-data=200 ZI-data=5848  
"..\OBJ\USART.axf" - 0 Error(s), 19 Warning(s).

*** Performing Cross-Module-Optimization:
compiling main.c...
main.c(210): warning:  #1035-D: single-precision operand implicitly converted to double-precision
          PH_GET=1.21*(float)Get_Adc_Average(ADC_Channel_6,10)/ADC_Value_adj; //AD转换
main.c(212): warning:  #1035-D: single-precision operand implicitly converted to double-precision
                if(PH_Value<=0.0){PH_Value=0.0;}
main.c(213): warning:  #1035-D: single-precision operand implicitly converted to double-precision
                if(PH_Value>=14.0){PH_Value=14.0;}
main.c(218): warning:  #1035-D: single-precision operand implicitly converted to double-precision
                if(PH_Value<=6.0||PH_Value>=9.5)
main.c(218): warning:  #1035-D: single-precision operand implicitly converted to double-precision
                if(PH_Value<=6.0||PH_Value>=9.5)
main.c(255): warning:  #1035-D: single-precision operand implicitly converted to double-precision
                compensationCoefficient=1.0+0.02*((temp_data/10)-25.0); 
main.c(257): warning:  #1035-D: single-precision operand implicitly converted to double-precision
                if((TDS_GET>=0)&&(TDS_GET<0.1))
main.c(88): warning:  #177-D: variable "temperature" was declared but never referenced
      short temperature;
main.c(94): warning:  #177-D: variable "tempstr_GPS" was declared but never referenced
                char tempstr_GPS[BUFLEN];
main.c(95): warning:  #177-D: variable "senddata_GPS" was declared but never referenced
          char senddata_GPS[BUFLEN];
main.c(99): warning:  #177-D: variable "key_HC05" was declared but never referenced
                u8 key_HC05=0;
main.c(101): warning:  #177-D: variable "lenx" was declared but never referenced
                u16 lenx,c=10;
main.c(102): warning:  #177-D: variable "upload" was declared but never referenced
                u8 upload=0; 
main.c(310): warning:  #1035-D: single-precision operand implicitly converted to double-precision
        EC_GET=1.21*(float)Get_Adc_Average(ADC_Channel_10,10)/ADC_Value_adj; //AD转换
main.c(311): warning:  #1035-D: single-precision operand implicitly converted to double-precision
        raw_EC = 1000*EC_GET/RES2/ECREF;
main.c(315): warning:  #1035-D: single-precision operand implicitly converted to double-precision
        if(EC_valueTemp>2.0)
main.c(319): warning:  #1035-D: single-precision operand implicitly converted to double-precision
        else if(EC_valueTemp<=2.0)
main.c(324): warning:  #1035-D: single-precision operand implicitly converted to double-precision
        compensationCoefficient=1.0+0.0185*((temp_data/10)-25.0); //温度系数补偿
main.c(333): warning:  #1035-D: single-precision operand implicitly converted to double-precision
                TU =1.21*(float)Get_Adc_Average(ADC_Channel_12,10)/ADC_Value_adj; //AD转换
main.c: 19 warnings, 0 errors
compiling stm32f4xx_it.c...
compiling system_stm32f4xx.c...
compiling bc28.c...
compiling lcd.c...
compiling timer.c...
compiling key.c...
compiling led.c...
compiling HEXSTR.c...
compiling adc.c...
compiling common.c...
compiling DS18B20.c...
compiling gps.c...
compiling hc05.c...
compiling delay.c...
compiling sys.c...
compiling usart.c...
compiling misc.c...
compiling stm32f4xx_gpio.c...
compiling stm32f4xx_rcc.c...
compiling stm32f4xx_syscfg.c...
compiling stm32f4xx_usart.c...
compiling stm32f4xx_adc.c...
compiling stm32f4xx_can.c...
compiling stm32f4xx_dma.c...
compiling stm32f4xx_exti.c...
compiling stm32f4xx_flash.c...
compiling stm32f4xx_i2c.c...
compiling stm32f4xx_iwdg.c...
compiling stm32f4xx_spi.c...
compiling stm32f4xx_wwdg.c...
compiling stm32f4xx_tim.c...
compiling stm32f4xx_sdio.c...
compiling stm32f4xx_sai.c...
compiling stm32f4xx_rtc.c...
compiling stm32f4xx_rng.c...
compiling stm32f4xx_flash_ramfunc.c...
compiling stm32f4xx_fsmc.c...
linking...
Program Size: Code=21040 RO-data=7756 RW-data=200 ZI-data=5848  
FromELF: creating hex file...
"..\OBJ\USART.axf" - 0 Error(s), 19 Warning(s).
*** Completed Cross-Module-Optimization after 2 iteration(s).

<h2>Collection of Component include folders:</h2>
  F:\研究生\单片机\STM32\项目\水质检测\程序\BC28_水质_EC20\USER\RTE
  D:\Keil_v5\ARM\PACK\Keil\STM32F4xx_DFP\1.0.8\Device\Include

<h2>Collection of Component Files used:</h2>
</pre>
</body>
</html>
