Component: ARM Compiler 5.05 update 1 (build 106) Tool: armlink [4d0efa]

==============================================================================

Section Cross References

    main.o(i.EC_Value_Conversion) refers to dfltui.o(.text) for __aeabi_ui2d
    main.o(i.EC_Value_Conversion) refers to adc.o(i.Get_Adc_Average) for Get_Adc_Average
    main.o(i.EC_Value_Conversion) refers to f2d.o(.text) for __aeabi_f2d
    main.o(i.EC_Value_Conversion) refers to dmul.o(.text) for __aeabi_dmul
    main.o(i.EC_Value_Conversion) refers to ddiv.o(.text) for __aeabi_ddiv
    main.o(i.EC_Value_Conversion) refers to d2f.o(.text) for __aeabi_d2f
    main.o(i.EC_Value_Conversion) refers to cdrcmple.o(.text) for __aeabi_cdrcmple
    main.o(i.EC_Value_Conversion) refers to cdcmple.o(.text) for __aeabi_cdcmple
    main.o(i.EC_Value_Conversion) refers to dadd.o(.text) for __aeabi_dsub
    main.o(i.EC_Value_Conversion) refers to main.o(.data) for ADC_Value_adj
    main.o(i.Gps_Msg_Show) refers to f2d.o(.text) for __aeabi_f2d
    main.o(i.Gps_Msg_Show) refers to printfa.o(i.__0sprintf) for __2sprintf
    main.o(i.Gps_Msg_Show) refers to lcd.o(i.LCD_DisplayString) for LCD_DisplayString
    main.o(i.Gps_Msg_Show) refers to lcd.o(.data) for BRUSH_COLOR
    main.o(i.Gps_Msg_Show) refers to main.o(.bss) for gpsx
    main.o(i.Gps_Msg_Show) refers to main.o(.data) for tp
    main.o(i.TU_Value_Conversion) refers to dfltui.o(.text) for __aeabi_ui2d
    main.o(i.TU_Value_Conversion) refers to adc.o(i.Get_Adc_Average) for Get_Adc_Average
    main.o(i.TU_Value_Conversion) refers to f2d.o(.text) for __aeabi_f2d
    main.o(i.TU_Value_Conversion) refers to dmul.o(.text) for __aeabi_dmul
    main.o(i.TU_Value_Conversion) refers to ddiv.o(.text) for __aeabi_ddiv
    main.o(i.TU_Value_Conversion) refers to d2f.o(.text) for __aeabi_d2f
    main.o(i.TU_Value_Conversion) refers to dadd.o(.text) for __aeabi_dadd
    main.o(i.TU_Value_Conversion) refers to main.o(.data) for ADC_Value_adj
    main.o(i.main) refers to misc.o(i.NVIC_PriorityGroupConfig) for NVIC_PriorityGroupConfig
    main.o(i.main) refers to delay.o(i.delay_init) for delay_init
    main.o(i.main) refers to led.o(i.LED_Init) for LED_Init
    main.o(i.main) refers to lcd.o(i.LCD_Init) for LCD_Init
    main.o(i.main) refers to usart.o(i.uart1_init) for uart1_init
    main.o(i.main) refers to usart.o(i.uart2_init) for uart2_init
    main.o(i.main) refers to usart.o(i.uart3_init) for uart3_init
    main.o(i.main) refers to adc.o(i.ADC1_Init) for ADC1_Init
    main.o(i.main) refers to usart.o(i.Uart1_SendStr) for Uart1_SendStr
    main.o(i.main) refers to timer.o(i.TIM3_Int_Init) for TIM3_Int_Init
    main.o(i.main) refers to gps.o(i.SkyTra_Cfg_Rate) for SkyTra_Cfg_Rate
    main.o(i.main) refers to gps.o(i.SkyTra_Cfg_Prt) for SkyTra_Cfg_Prt
    main.o(i.main) refers to gps.o(i.SkyTra_Cfg_Tp) for SkyTra_Cfg_Tp
    main.o(i.main) refers to lcd.o(i.LCD_DisplayString) for LCD_DisplayString
    main.o(i.main) refers to bc28.o(i.BC28_Init) for BC28_Init
    main.o(i.main) refers to bc28.o(i.BC28_PDPACT) for BC28_PDPACT
    main.o(i.main) refers to bc28.o(i.BC28_RegALIYUNIOT) for BC28_RegALIYUNIOT
    main.o(i.main) refers to lcd.o(i.LCD_Fill_onecolor) for LCD_Fill_onecolor
    main.o(i.main) refers to gps.o(i.GPS_Analysis) for GPS_Analysis
    main.o(i.main) refers to main.o(i.Gps_Msg_Show) for Gps_Msg_Show
    main.o(i.main) refers to printfa.o(i.__0printf) for __2printf
    main.o(i.main) refers to bc28.o(i.BC28_ALYIOTSenddata3) for BC28_ALYIOTSenddata3
    main.o(i.main) refers to adc.o(i.Get_Adc_Average) for Get_Adc_Average
    main.o(i.main) refers to dfltui.o(.text) for __aeabi_ui2d
    main.o(i.main) refers to dmul.o(.text) for __aeabi_dmul
    main.o(i.main) refers to ddiv.o(.text) for __aeabi_ddiv
    main.o(i.main) refers to d2f.o(.text) for __aeabi_d2f
    main.o(i.main) refers to f2d.o(.text) for __aeabi_f2d
    main.o(i.main) refers to dadd.o(.text) for __aeabi_dadd
    main.o(i.main) refers to cdcmple.o(.text) for __aeabi_cdcmple
    main.o(i.main) refers to cdrcmple.o(.text) for __aeabi_cdrcmple
    main.o(i.main) refers to printfa.o(i.__0sprintf) for __2sprintf
    main.o(i.main) refers to delay.o(i.delay_ms) for delay_ms
    main.o(i.main) refers to memseta.o(.text) for __aeabi_memclr4
    main.o(i.main) refers to strcat.o(.text) for strcat
    main.o(i.main) refers to bc28.o(i.BC28_ALYIOTSenddata1) for BC28_ALYIOTSenddata1
    main.o(i.main) refers to main.o(i.EC_Value_Conversion) for EC_Value_Conversion
    main.o(i.main) refers to bc28.o(i.BC28_ALYIOTSenddata2) for BC28_ALYIOTSenddata2
    main.o(i.main) refers to system_stm32f4xx.o(.data) for SystemCoreClock
    main.o(i.main) refers to lcd.o(.data) for BRUSH_COLOR
    main.o(i.main) refers to usart.o(.data) for USART3_RX_STA
    main.o(i.main) refers to usart.o(.bss) for USART3_RX_BUF
    main.o(i.main) refers to main.o(.bss) for USART1_TX_BUF
    main.o(i.main) refers to main.o(.data) for tp
[...]
    Removing stm32f4xx_fsmc.o(i.FSMC_ClearFlag), (64 bytes).
    Removing stm32f4xx_fsmc.o(i.FSMC_ClearITPendingBit), (72 bytes).
    Removing stm32f4xx_fsmc.o(i.FSMC_GetECC), (28 bytes).
    Removing stm32f4xx_fsmc.o(i.FSMC_GetFlagStatus), (56 bytes).
    Removing stm32f4xx_fsmc.o(i.FSMC_GetITStatus), (68 bytes).
    Removing stm32f4xx_fsmc.o(i.FSMC_ITConfig), (128 bytes).
    Removing stm32f4xx_fsmc.o(i.FSMC_NANDCmd), (92 bytes).
    Removing stm32f4xx_fsmc.o(i.FSMC_NANDDeInit), (68 bytes).
    Removing stm32f4xx_fsmc.o(i.FSMC_NANDECCCmd), (92 bytes).
    Removing stm32f4xx_fsmc.o(i.FSMC_NANDInit), (136 bytes).
    Removing stm32f4xx_fsmc.o(i.FSMC_NANDStructInit), (54 bytes).
    Removing stm32f4xx_fsmc.o(i.FSMC_NORSRAMDeInit), (54 bytes).
    Removing stm32f4xx_fsmc.o(i.FSMC_NORSRAMStructInit), (52 bytes).
    Removing stm32f4xx_fsmc.o(i.FSMC_PCCARDCmd), (48 bytes).
    Removing stm32f4xx_fsmc.o(i.FSMC_PCCARDDeInit), (40 bytes).
    Removing stm32f4xx_fsmc.o(i.FSMC_PCCARDInit), (132 bytes).
    Removing stm32f4xx_fsmc.o(i.FSMC_PCCARDStructInit), (60 bytes).
    Removing stm32f4xx_fsmc.o(.constdata), (28 bytes).
    Removing dflti.o(.text), (34 bytes).
    Removing dfixi.o(.text), (62 bytes).

622 unused section(s) (total 26228 bytes) removed from the image.

==============================================================================

Image Symbol Table

    Local Symbols

    Symbol Name                              Value     Ov Type        Size  Object(Section)

    ../clib/microlib/division.c              0x00000000   Number         0  uidiv.o ABSOLUTE
    ../clib/microlib/division.c              0x00000000   Number         0  uldiv.o ABSOLUTE
    ../clib/microlib/init/entry.s            0x00000000   Number         0  entry10b.o ABSOLUTE
    ../clib/microlib/init/entry.s            0x00000000   Number         0  entry8b.o ABSOLUTE
    ../clib/microlib/init/entry.s            0x00000000   Number         0  entry.o ABSOLUTE
    ../clib/microlib/init/entry.s            0x00000000   Number         0  entry9b.o ABSOLUTE
    ../clib/microlib/init/entry.s            0x00000000   Number         0  entry10a.o ABSOLUTE
    ../clib/microlib/init/entry.s            0x00000000   Number         0  entry8a.o ABSOLUTE
    ../clib/microlib/init/entry.s            0x00000000   Number         0  entry11a.o ABSOLUTE
    ../clib/microlib/init/entry.s            0x00000000   Number         0  entry11b.o ABSOLUTE
    ../clib/microlib/init/entry.s            0x00000000   Number         0  entry7b.o ABSOLUTE
    ../clib/microlib/init/entry.s            0x00000000   Number         0  entry2.o ABSOLUTE
    ../clib/microlib/init/entry.s            0x00000000   Number         0  entry9a.o ABSOLUTE
    ../clib/microlib/init/entry.s            0x00000000   Number         0  entry5.o ABSOLUTE
    ../clib/microlib/init/entry.s            0x00000000   Number         0  entry7a.o ABSOLUTE
    ../clib/microlib/longlong.c              0x00000000   Number         0  llushr.o ABSOLUTE
    ../clib/microlib/longlong.c              0x00000000   Number         0  llsshr.o ABSOLUTE
    ../clib/microlib/longlong.c              0x00000000   Number         0  llshl.o ABSOLUTE
    ../clib/microlib/printf/printf.c         0x00000000   Number         0  printf4.o ABSOLUTE
    ../clib/microlib/printf/printf.c         0x00000000   Number         0  printf3.o ABSOLUTE
    ../clib/microlib/printf/printf.c         0x00000000   Number         0  printf2.o ABSOLUTE
    ../clib/microlib/printf/printf.c         0x00000000   Number         0  printf1.o ABSOLUTE
    ../clib/microlib/printf/printf.c         0x00000000   Number         0  printf0.o ABSOLUTE
    ../clib/microlib/printf/printf.c         0x00000000   Number         0  printfb.o ABSOLUTE
    ../clib/microlib/printf/printf.c         0x00000000   Number         0  printf6.o ABSOLUTE
    ../clib/microlib/printf/printf.c         0x00000000   Number         0  printf7.o ABSOLUTE
    ../clib/microlib/printf/printf.c         0x00000000   Number         0  printf8.o ABSOLUTE
    ../clib/microlib/printf/printf.c         0x00000000   Number         0  printfa.o ABSOLUTE
    ../clib/microlib/printf/printf.c         0x00000000   Number         0  printf5.o ABSOLUTE
    ../clib/microlib/printf/stubs.s          0x00000000   Number         0  stubs.o ABSOLUTE
    ../clib/microlib/stdio/streams.c         0x00000000   Number         0  stdout.o ABSOLUTE
    ../clib/microlib/string/memset.c         0x00000000   Number         0  memseta.o ABSOLUTE
    ../clib/microlib/string/strcat.c         0x00000000   Number         0  strcat.o ABSOLUTE
    ../clib/microlib/string/strlen.c         0x00000000   Number         0  strlen.o ABSOLUTE
    ../clib/microlib/string/strstr.c         0x00000000   Number         0  strstr.o ABSOLUTE
    ../clib/microlib/stubs.s                 0x00000000   Number         0  iusefp.o ABSOLUTE
    ../fplib/microlib/d2f.c                  0x00000000   Number         0  d2f.o ABSOLUTE
    ../fplib/microlib/f2d.c                  0x00000000   Number         0  f2d.o ABSOLUTE
    ../fplib/microlib/fpadd.c                0x00000000   Number         0  dadd.o ABSOLUTE
    ../fplib/microlib/fpdiv.c                0x00000000   Number         0  ddiv.o ABSOLUTE
    ../fplib/microlib/fpepilogue.c           0x00000000   Number         0  depilogue.o ABSOLUTE
    ../fplib/microlib/fpepilogue.c           0x00000000   Number         0  fepilogue.o ABSOLUTE
    ../fplib/microlib/fpfix.c                0x00000000   Number         0  dfixi.o ABSOLUTE
    ../fplib/microlib/fpfix.c                0x00000000   Number         0  dfixul.o ABSOLUTE
    ../fplib/microlib/fpflt.c                0x00000000   Number         0  dfltui.o ABSOLUTE
    ../fplib/microlib/fpflt.c                0x00000000   Number         0  dflti.o ABSOLUTE
    ../fplib/microlib/fpmul.c                0x00000000   Number         0  dmul.o ABSOLUTE
    ..\CORE\startup_stm32f40_41xxx.s         0x00000000   Number         0  startup_stm32f40_41xxx.o ABSOLUTE
    ..\FWLIB\src\misc.c                      0x00000000   Number         0  misc.o ABSOLUTE
    ..\FWLIB\src\stm32f4xx_adc.c             0x00000000   Number         0  stm32f4xx_adc.o ABSOLUTE
    ..\FWLIB\src\stm32f4xx_can.c             0x00000000   Number         0  stm32f4xx_can.o ABSOLUTE
    ..\FWLIB\src\stm32f4xx_dma.c             0x00000000   Number         0  stm32f4xx_dma.o ABSOLUTE
    ..\FWLIB\src\stm32f4xx_exti.c            0x00000000   Number         0  stm32f4xx_exti.o ABSOLUTE
    ..\FWLIB\src\stm32f4xx_flash.c           0x00000000   Number         0  stm32f4xx_flash.o ABSOLUTE
    ..\FWLIB\src\stm32f4xx_flash_ramfunc.c   0x00000000   Number         0  stm32f4xx_flash_ramfunc.o ABSOLUTE
    ..\FWLIB\src\stm32f4xx_fsmc.c            0x00000000   Number         0  stm32f4xx_fsmc.o ABSOLUTE
    ..\FWLIB\src\stm32f4xx_gpio.c            0x00000000   Number         0  stm32f4xx_gpio.o ABSOLUTE
    ..\FWLIB\src\stm32f4xx_i2c.c             0x00000000   Number         0  stm32f4xx_i2c.o ABSOLUTE
    ..\FWLIB\src\stm32f4xx_iwdg.c            0x00000000   Number         0  stm32f4xx_iwdg.o ABSOLUTE
    ..\FWLIB\src\stm32f4xx_rcc.c             0x00000000   Number         0  stm32f4xx_rcc.o ABSOLUTE
    ..\FWLIB\src\stm32f4xx_rng.c             0x00000000   Number         0  stm32f4xx_rng.o ABSOLUTE
    ..\FWLIB\src\stm32f4xx_rtc.c             0x00000000   Number         0  stm32f4xx_rtc.o ABSOLUTE
    ..\FWLIB\src\stm32f4xx_sai.c             0x00000000   Number         0  stm32f4xx_sai.o ABSOLUTE
    ..\FWLIB\src\stm32f4xx_sdio.c            0x00000000   Number         0  stm32f4xx_sdio.o ABSOLUTE
    ..\FWLIB\src\stm32f4xx_spi.c             0x00000000   Number         0  stm32f4xx_spi.o ABSOLUTE
    ..\FWLIB\src\stm32f4xx_syscfg.c          0x00000000   Number         0  stm32f4xx_syscfg.o ABSOLUTE
    ..\FWLIB\src\stm32f4xx_tim.c             0x00000000   Number         0  stm32f4xx_tim.o ABSOLUTE
    ..\FWLIB\src\stm32f4xx_usart.c           0x00000000   Number         0  stm32f4xx_usart.o ABSOLUTE
    ..\FWLIB\src\stm32f4xx_wwdg.c            0x00000000   Number         0  stm32f4xx_wwdg.o ABSOLUTE
    ..\HARDWARE\ADC\adc.c                    0x00000000   Number         0  adc.o ABSOLUTE
    ..\HARDWARE\BC28\bc28.c                  0x00000000   Number         0  bc28.o ABSOLUTE
    ..\HARDWARE\COMMON\common.c              0x00000000   Number         0  common.o ABSOLUTE
    ..\HARDWARE\DS18B20\DS18B20.c            0x00000000   Number         0  ds18b20.o ABSOLUTE
    ..\HARDWARE\GPS\gps.c                    0x00000000   Number         0  gps.o ABSOLUTE
    ..\HARDWARE\HC05\hc05.c                  0x00000000   Number         0  hc05.o ABSOLUTE
    ..\HARDWARE\KEY\key.c                    0x00000000   Number         0  key.o ABSOLUTE
    ..\HARDWARE\LCD\lcd.c                    0x00000000   Number         0  lcd.o ABSOLUTE
    ..\HARDWARE\LED\led.c                    0x00000000   Number         0  led.o ABSOLUTE
    ..\HARDWARE\STRHEX\HEXSTR.c              0x00000000   Number         0  hexstr.o ABSOLUTE
    ..\HARDWARE\TIME\timer.c                 0x00000000   Number         0  timer.o ABSOLUTE
    ..\SYSTEM\delay\delay.c                  0x00000000   Number         0  delay.o ABSOLUTE
    ..\SYSTEM\sys\sys.c                      0x00000000   Number         0  sys.o ABSOLUTE
    ..\SYSTEM\usart\usart.c                  0x00000000   Number         0  usart.o ABSOLUTE
    ..\\FWLIB\\src\\misc.c                   0x00000000   Number         0  misc.o ABSOLUTE
    ..\\FWLIB\\src\\stm32f4xx_adc.c          0x00000000   Number         0  stm32f4xx_adc.o ABSOLUTE
    ..\\FWLIB\\src\\stm32f4xx_can.c          0x00000000   Number         0  stm32f4xx_can.o ABSOLUTE
    ..\\FWLIB\\src\\stm32f4xx_dma.c          0x00000000   Number         0  stm32f4xx_dma.o ABSOLUTE
    ..\\FWLIB\\src\\stm32f4xx_exti.c         0x00000000   Number         0  stm32f4xx_exti.o ABSOLUTE
    ..\\FWLIB\\src\\stm32f4xx_flash.c        0x00000000   Number         0  stm32f4xx_flash.o ABSOLUTE
    ..\\FWLIB\\src\\stm32f4xx_flash_ramfunc.c 0x00000000   Number         0  stm32f4xx_flash_ramfunc.o ABSOLUTE
    ..\\FWLIB\\src\\stm32f4xx_fsmc.c         0x00000000   Number         0  stm32f4xx_fsmc.o ABSOLUTE
    ..\\FWLIB\\src\\stm32f4xx_gpio.c         0x00000000   Number         0  stm32f4xx_gpio.o ABSOLUTE
    ..\\FWLIB\\src\\stm32f4xx_i2c.c          0x00000000   Number         0  stm32f4xx_i2c.o ABSOLUTE
    ..\\FWLIB\\src\\stm32f4xx_iwdg.c         0x00000000   Number         0  stm32f4xx_iwdg.o ABSOLUTE
    ..\\FWLIB\\src\\stm32f4xx_rcc.c          0x00000000   Number         0  stm32f4xx_rcc.o ABSOLUTE
    ..\\FWLIB\\src\\stm32f4xx_rng.c          0x00000000   Number         0  stm32f4xx_rng.o ABSOLUTE
    ..\\FWLIB\\src\\stm32f4xx_rtc.c          0x00000000   Number         0  stm32f4xx_rtc.o ABSOLUTE
    ..\\FWLIB\\src\\stm32f4xx_sai.c          0x00000000   Number         0  stm32f4xx_sai.o ABSOLUTE
    ..\\FWLIB\\src\\stm32f4xx_sdio.c         0x00000000   Number         0  stm32f4xx_sdio.o ABSOLUTE
    ..\\FWLIB\\src\\stm32f4xx_spi.c          0x00000000   Number         0  stm32f4xx_spi.o ABSOLUTE
    ..\\FWLIB\\src\\stm32f4xx_syscfg.c       0x00000000   Number         0  stm32f4xx_syscfg.o ABSOLUTE
    ..\\FWLIB\\src\\stm32f4xx_tim.c          0x00000000   Number         0  stm32f4xx_tim.o ABSOLUTE
    ..\\FWLIB\\src\\stm32f4xx_usart.c        0x00000000   Number         0  stm32f4xx_usart.o ABSOLUTE
    ..\\FWLIB\\src\\stm32f4xx_wwdg.c         0x00000000   Number         0  stm32f4xx_wwdg.o ABSOLUTE
    ..\\HARDWARE\\ADC\\adc.c                 0x00000000   Number         0  adc.o ABSOLUTE
    ..\\HARDWARE\\BC28\\bc28.c               0x00000000   Number         0  bc28.o ABSOLUTE
    ..\\HARDWARE\\COMMON\\common.c           0x00000000   Number         0  common.o ABSOLUTE
    ..\\HARDWARE\\DS18B20\\DS18B20.c         0x00000000   Number         0  ds18b20.o ABSOLUTE
    ..\\HARDWARE\\GPS\\gps.c                 0x00000000   Number         0  gps.o ABSOLUTE
    ..\\HARDWARE\\HC05\\hc05.c               0x00000000   Number         0  hc05.o ABSOLUTE
    ..\\HARDWARE\\KEY\\key.c                 0x00000000   Number         0  key.o ABSOLUTE
    ..\\HARDWARE\\LCD\\lcd.c                 0x00000000   Number         0  lcd.o ABSOLUTE
    ..\\HARDWARE\\LED\\led.c                 0x00000000   Number         0  led.o ABSOLUTE
    ..\\HARDWARE\\TIME\\timer.c              0x00000000   Number         0  timer.o ABSOLUTE
    ..\\SYSTEM\\delay\\delay.c               0x00000000   Number         0  delay.o ABSOLUTE
    ..\\SYSTEM\\sys\\sys.c                   0x00000000   Number         0  sys.o ABSOLUTE
    ..\\SYSTEM\\usart\\usart.c               0x00000000   Number         0  usart.o ABSOLUTE
    cdcmple.s                                0x00000000   Number         0  cdcmple.o ABSOLUTE
    cdrcmple.s                               0x00000000   Number         0  cdrcmple.o ABSOLUTE
    dc.s                                     0x00000000   Number         0  dc.o ABSOLUTE
    handlers.s                               0x00000000   Number         0  handlers.o ABSOLUTE
    init.s                                   0x00000000   Number         0  init.o ABSOLUTE
    main.c                                   0x00000000   Number         0  main.o ABSOLUTE
    main.c                                   0x00000000   Number         0  main.o ABSOLUTE
    stm32f4xx_it.c                           0x00000000   Number         0  stm32f4xx_it.o ABSOLUTE
    stm32f4xx_it.c                           0x00000000   Number         0  stm32f4xx_it.o ABSOLUTE
    system_stm32f4xx.c                       0x00000000   Number         0  system_stm32f4xx.o ABSOLUTE
    system_stm32f4xx.c                       0x00000000   Number         0  system_stm32f4xx.o ABSOLUTE
    RESET                                    0x08000000   Section      392  startup_stm32f40_41xxx.o(RESET)
    .ARM.Collect$$$$00000000                 0x08000188   Section        0  entry.o(.ARM.Collect$$$$00000000)
    .ARM.Collect$$$$00000001                 0x08000188   Section        4  entry2.o(.ARM.Collect$$$$00000001)
    .ARM.Collect$$$$00000004                 0x0800018c   Section        4  entry5.o(.ARM.Collect$$$$00000004)
    .ARM.Collect$$$$00000008                 0x08000190   Section        0  entry7b.o(.ARM.Collect$$$$00000008)
    .ARM.Collect$$$$0000000A                 0x08000190   Section        0  entry8b.o(.ARM.Collect$$$$0000000A)
    .ARM.Collect$$$$0000000B                 0x08000190   Section        8  entry9a.o(.ARM.Collect$$$$0000000B)
    .ARM.Collect$$$$0000000D                 0x08000198   Section        0  entry10a.o(.ARM.Collect$$$$0000000D)
    .ARM.Collect$$$$0000000F                 0x08000198   Section        0  entry11a.o(.ARM.Collect$$$$0000000F)
    .ARM.Collect$$$$00002712                 0x08000198   Section        4  entry2.o(.ARM.Collect$$$$00002712)
    __lit__00000000                          0x08000198   Data           4  entry2.o(.ARM.Collect$$$$00002712)
    .text                                    0x0800019c   Section       36  startup_stm32f40_41xxx.o(.text)
    $v0                                      0x0800019c   Number         0  startup_stm32f40_41xxx.o(.text)
    .text                                    0x080001c0   Section        0  memseta.o(.text)
    .text                                    0x080001e4   Section        0  strcat.o(.text)
    .text                                    0x080001fc   Section        0  strstr.o(.text)
    .text                                    0x08000220   Section        0  dadd.o(.text)
    .text                                    0x0800036e   Section        0  dmul.o(.text)
    .text                                    0x08000452   Section        0  ddiv.o(.text)
    .text                                    0x08000530   Section        0  dfltui.o(.text)
    .text                                    0x0800054a   Section        0  f2d.o(.text)
    .text                                    0x08000570   Section       48  cdcmple.o(.text)
    .text                                    0x080005a0   Section       48  cdrcmple.o(.text)
    .text                                    0x080005d0   Section        0  d2f.o(.text)
    .text                                    0x08000608   Section        0  uidiv.o(.text)
    .text                                    0x08000634   Section        0  uldiv.o(.text)
    .text                                    0x08000696   Section        0  llshl.o(.text)
    .text                                    0x080006b4   Section        0  llushr.o(.text)
    .text                                    0x080006d4   Section        0  llsshr.o(.text)
    .text                                    0x080006f8   Section        0  fepilogue.o(.text)
    .text                                    0x080006f8   Section        0  iusefp.o(.text)
    .text                                    0x08000766   Section        0  depilogue.o(.text)
    .text                                    0x08000820   Section        0  dfixul.o(.text)
    .text                                    0x08000850   Section       36  init.o(.text)
    i.ADC1_Init                              0x08000874   Section        0  adc.o(i.ADC1_Init)
    i.ADC_Cmd                                0x0800092c   Section        0  stm32f4xx_adc.o(i.ADC_Cmd)
    i.ADC_CommonInit                         0x08000944   Section        0  stm32f4xx_adc.o(i.ADC_CommonInit)
    i.ADC_GetConversionValue                 0x08000974   Section        0  stm32f4xx_adc.o(i.ADC_GetConversionValue)
    i.ADC_GetFlagStatus                      0x0800097c   Section        0  stm32f4xx_adc.o(i.ADC_GetFlagStatus)
    i.ADC_Init                               0x08000990   Section        0  stm32f4xx_adc.o(i.ADC_Init)
    i.ADC_RegularChannelConfig               0x080009e4   Section        0  stm32f4xx_adc.o(i.ADC_RegularChannelConfig)
    i.ADC_SoftwareStartConv                  0x08000a9c   Section        0  stm32f4xx_adc.o(i.ADC_SoftwareStartConv)
    i.ADC_TempSensorVrefintCmd               0x08000aa8   Section        0  stm32f4xx_adc.o(i.ADC_TempSensorVrefintCmd)
    i.BC28_ALYIOTSenddata1                   0x08000ad4   Section        0  bc28.o(i.BC28_ALYIOTSenddata1)
    i.BC28_ALYIOTSenddata2                   0x08000bc4   Section        0  bc28.o(i.BC28_ALYIOTSenddata2)
    i.BC28_ALYIOTSenddata3                   0x08000cb8   Section        0  bc28.o(i.BC28_ALYIOTSenddata3)
    i.BC28_Init                              0x08000d9c   Section        0  bc28.o(i.BC28_Init)
    i.BC28_PDPACT                            0x08001148   Section        0  bc28.o(i.BC28_PDPACT)
    i.BC28_RegALIYUNIOT                      0x080012b8   Section        0  bc28.o(i.BC28_RegALIYUNIOT)
    i.BusFault_Handler                       0x08001620   Section        0  stm32f4xx_it.o(i.BusFault_Handler)
    i.Clear_Buffer                           0x08001624   Section        0  bc28.o(i.Clear_Buffer)
    i.DebugMon_Handler                       0x08001658   Section        0  stm32f4xx_it.o(i.DebugMon_Handler)
    i.EC_Value_Conversion                    0x0800165c   Section        0  main.o(i.EC_Value_Conversion)
    i.FSMC_NORSRAMCmd                        0x08001840   Section        0  stm32f4xx_fsmc.o(i.FSMC_NORSRAMCmd)
    i.FSMC_NORSRAMInit                       0x08001874   Section        0  stm32f4xx_fsmc.o(i.FSMC_NORSRAMInit)
    i.GPIO_Init                              0x0800195a   Section        0  stm32f4xx_gpio.o(i.GPIO_Init)
    i.GPIO_PinAFConfig                       0x080019ea   Section        0  stm32f4xx_gpio.o(i.GPIO_PinAFConfig)
    i.GPIO_ResetBits                         0x08001a30   Section        0  stm32f4xx_gpio.o(i.GPIO_ResetBits)
    i.GPIO_SetBits                           0x08001a34   Section        0  stm32f4xx_gpio.o(i.GPIO_SetBits)
    i.GPIO_ToggleBits                        0x08001a38   Section        0  stm32f4xx_gpio.o(i.GPIO_ToggleBits)
    i.GPS_Analysis                           0x08001a40   Section        0  gps.o(i.GPS_Analysis)
    i.Get_Adc                                0x08001a78   Section        0  adc.o(i.Get_Adc)
    i.Get_Adc_Average                        0x08001aa8   Section        0  adc.o(i.Get_Adc_Average)
    i.Gps_Msg_Show                           0x08001ad8   Section        0  main.o(i.Gps_Msg_Show)
    i.HardFault_Handler                      0x08001cc4   Section        0  stm32f4xx_it.o(i.HardFault_Handler)
    i.ILI9341_Read_id                        0x08001cc8   Section        0  lcd.o(i.ILI9341_Read_id)
    i.LCD_Clear                              0x08001cec   Section        0  lcd.o(i.LCD_Clear)
    i.LCD_Color_DrawPoint                    0x08001d28   Section        0  lcd.o(i.LCD_Color_DrawPoint)
    i.LCD_DisplayChar                        0x08001d50   Section        0  lcd.o(i.LCD_DisplayChar)
    i.LCD_DisplayString                      0x08001e34   Section        0  lcd.o(i.LCD_DisplayString)
    i.LCD_DrawPoint                          0x08001e78   Section        0  lcd.o(i.LCD_DrawPoint)
    i.LCD_FSMC_Config                        0x08001e9c   Section        0  lcd.o(i.LCD_FSMC_Config)
    i.LCD_Fill_onecolor                      0x080020c0   Section        0  lcd.o(i.LCD_Fill_onecolor)
    i.LCD_Init                               0x08002114   Section        0  lcd.o(i.LCD_Init)
    i.LCD_Open_Window                        0x080024dc   Section        0  lcd.o(i.LCD_Open_Window)
    i.LCD_SetCursor                          0x0800259c   Section        0  lcd.o(i.LCD_SetCursor)
    i.LCD_WriteGRAM                          0x08002674   Section        0  lcd.o(i.LCD_WriteGRAM)
    i.LCD_WriteReg                           0x08002688   Section        0  lcd.o(i.LCD_WriteReg)
    i.LED_Init                               0x08002698   Section        0  led.o(i.LED_Init)
    i.MemManage_Handler                      0x08002708   Section        0  stm32f4xx_it.o(i.MemManage_Handler)
    i.NMEA_BDGSV_Analysis                    0x0800270c   Section        0  gps.o(i.NMEA_BDGSV_Analysis)
    i.NMEA_Comma_Pos                         0x08002840   Section        0  gps.o(i.NMEA_Comma_Pos)
    i.NMEA_GNGGA_Analysis                    0x08002874   Section        0  gps.o(i.NMEA_GNGGA_Analysis)
    i.NMEA_GNGSA_Analysis                    0x080028dc   Section        0  gps.o(i.NMEA_GNGSA_Analysis)
    i.NMEA_GNRMC_Analysis                    0x08002994   Section        0  gps.o(i.NMEA_GNRMC_Analysis)
    i.NMEA_GNVTG_Analysis                    0x08002bb8   Section        0  gps.o(i.NMEA_GNVTG_Analysis)
    i.NMEA_GPGSV_Analysis                    0x08002c10   Section        0  gps.o(i.NMEA_GPGSV_Analysis)
    i.NMEA_Pow                               0x08002d3c   Section        0  gps.o(i.NMEA_Pow)
    i.NMEA_Str2num                           0x08002d52   Section        0  gps.o(i.NMEA_Str2num)
    i.NMI_Handler                            0x08002e3c   Section        0  stm32f4xx_it.o(i.NMI_Handler)
    i.NVIC_Init                              0x08002e40   Section        0  misc.o(i.NVIC_Init)
    i.NVIC_PriorityGroupConfig               0x08002eb8   Section        0  misc.o(i.NVIC_PriorityGroupConfig)
    i.NVIC_SystemReset                       0x08002ecc   Section        0  bc28.o(i.NVIC_SystemReset)
    NVIC_SystemReset                         0x08002ecd   Thumb Code    30  bc28.o(i.NVIC_SystemReset)
    i.PendSV_Handler                         0x08002ef4   Section        0  stm32f4xx_it.o(i.PendSV_Handler)
    i.RCC_AHB1PeriphClockCmd                 0x08002ef8   Section        0  stm32f4xx_rcc.o(i.RCC_AHB1PeriphClockCmd)
    i.RCC_AHB3PeriphClockCmd                 0x08002f18   Section        0  stm32f4xx_rcc.o(i.RCC_AHB3PeriphClockCmd)
    i.RCC_APB1PeriphClockCmd                 0x08002f38   Section        0  stm32f4xx_rcc.o(i.RCC_APB1PeriphClockCmd)
    i.RCC_APB1PeriphResetCmd                 0x08002f58   Section        0  stm32f4xx_rcc.o(i.RCC_APB1PeriphResetCmd)
    i.RCC_APB2PeriphClockCmd                 0x08002f78   Section        0  stm32f4xx_rcc.o(i.RCC_APB2PeriphClockCmd)
    i.RCC_APB2PeriphResetCmd                 0x08002f98   Section        0  stm32f4xx_rcc.o(i.RCC_APB2PeriphResetCmd)
    i.RCC_GetClocksFreq                      0x08002fb8   Section        0  stm32f4xx_rcc.o(i.RCC_GetClocksFreq)
    i.SVC_Handler                            0x080030a0   Section        0  stm32f4xx_it.o(i.SVC_Handler)
    i.SetSysClock                            0x080030a4   Section        0  system_stm32f4xx.o(i.SetSysClock)
    SetSysClock                              0x080030a5   Thumb Code   220  system_stm32f4xx.o(i.SetSysClock)
    i.Set_Display_Mode                       0x08003190   Section        0  lcd.o(i.Set_Display_Mode)
    i.Set_Scan_Direction                     0x08003284   Section        0  lcd.o(i.Set_Scan_Direction)
    i.SkyTra_Cfg_Ack_Check                   0x08003360   Section        0  gps.o(i.SkyTra_Cfg_Ack_Check)
    i.SkyTra_Cfg_Prt                         0x080033cc   Section        0  gps.o(i.SkyTra_Cfg_Prt)
    i.SkyTra_Cfg_Rate                        0x0800342c   Section        0  gps.o(i.SkyTra_Cfg_Rate)
    i.SkyTra_Cfg_Tp                          0x0800346c   Section        0  gps.o(i.SkyTra_Cfg_Tp)
    i.SkyTra_Send_Date                       0x080034f0   Section        0  gps.o(i.SkyTra_Send_Date)
    i.Ssd1963_Set_BackLight                  0x0800351c   Section        0  lcd.o(i.Ssd1963_Set_BackLight)
    i.SysTick_CLKSourceConfig                0x08003540   Section        0  misc.o(i.SysTick_CLKSourceConfig)
    i.SysTick_Handler                        0x08003568   Section        0  stm32f4xx_it.o(i.SysTick_Handler)
    i.SystemInit                             0x0800356c   Section        0  system_stm32f4xx.o(i.SystemInit)
    i.TIM3_IRQHandler                        0x080035d4   Section        0  timer.o(i.TIM3_IRQHandler)
    i.TIM3_Int_Init                          0x0800361c   Section        0  timer.o(i.TIM3_Int_Init)
    i.TIM7_IRQHandler                        0x08003678   Section        0  timer.o(i.TIM7_IRQHandler)
    i.TIM7_Int_Init                          0x080036ac   Section        0  timer.o(i.TIM7_Int_Init)
    i.TIM_ClearITPendingBit                  0x08003700   Section        0  stm32f4xx_tim.o(i.TIM_ClearITPendingBit)
    i.TIM_Cmd                                0x08003706   Section        0  stm32f4xx_tim.o(i.TIM_Cmd)
    i.TIM_GetITStatus                        0x0800371e   Section        0  stm32f4xx_tim.o(i.TIM_GetITStatus)
    i.TIM_ITConfig                           0x08003740   Section        0  stm32f4xx_tim.o(i.TIM_ITConfig)
    i.TIM_SetCounter                         0x08003752   Section        0  stm32f4xx_tim.o(i.TIM_SetCounter)
    i.TIM_TimeBaseInit                       0x08003758   Section        0  stm32f4xx_tim.o(i.TIM_TimeBaseInit)
    i.TU_Value_Conversion                    0x080037dc   Section        0  main.o(i.TU_Value_Conversion)
    i.UART5_IRQHandler                       0x08003934   Section        0  usart.o(i.UART5_IRQHandler)
    i.USART1_IRQHandler                      0x080039a4   Section        0  usart.o(i.USART1_IRQHandler)
    i.USART2_IRQHandler                      0x080039dc   Section        0  usart.o(i.USART2_IRQHandler)
    i.USART3_IRQHandler                      0x08003a2c   Section        0  usart.o(i.USART3_IRQHandler)
    i.USART_ClearFlag                        0x08003a9c   Section        0  stm32f4xx_usart.o(i.USART_ClearFlag)
    i.USART_ClearITPendingBit                0x08003aae   Section        0  stm32f4xx_usart.o(i.USART_ClearITPendingBit)
    i.USART_Cmd                              0x08003acc   Section        0  stm32f4xx_usart.o(i.USART_Cmd)
    i.USART_DeInit                           0x08003ae4   Section        0  stm32f4xx_usart.o(i.USART_DeInit)
    i.USART_GetFlagStatus                    0x08003bd4   Section        0  stm32f4xx_usart.o(i.USART_GetFlagStatus)
    i.USART_GetITStatus                      0x08003bee   Section        0  stm32f4xx_usart.o(i.USART_GetITStatus)
    i.USART_ITConfig                         0x08003c42   Section        0  stm32f4xx_usart.o(i.USART_ITConfig)
    i.USART_Init                             0x08003c8c   Section        0  stm32f4xx_usart.o(i.USART_Init)
    i.USART_ReceiveData                      0x08003d60   Section        0  stm32f4xx_usart.o(i.USART_ReceiveData)
    i.USART_SendData                         0x08003d6a   Section        0  stm32f4xx_usart.o(i.USART_SendData)
    i.Uart1_SendStr                          0x08003d74   Section        0  usart.o(i.Uart1_SendStr)
    i.Uart2_SendStr                          0x08003d98   Section        0  usart.o(i.Uart2_SendStr)
    i.UsageFault_Handler                     0x08003dc0   Section        0  stm32f4xx_it.o(i.UsageFault_Handler)
    i.__0printf                              0x08003dc4   Section        0  printfa.o(i.__0printf)
    i.__0sprintf                             0x08003de4   Section        0  printfa.o(i.__0sprintf)
    i.__scatterload_copy                     0x08003e0c   Section       14  handlers.o(i.__scatterload_copy)
    i.__scatterload_null                     0x08003e1a   Section        2  handlers.o(i.__scatterload_null)
    i.__scatterload_zeroinit                 0x08003e1c   Section       14  handlers.o(i.__scatterload_zeroinit)
    i._fp_digits                             0x08003e2c   Section        0  printfa.o(i._fp_digits)
    _fp_digits                               0x08003e2d   Thumb Code   334  printfa.o(i._fp_digits)
    i._printf_core                           0x08003f90   Section        0  printfa.o(i._printf_core)
    _printf_core                             0x08003f91   Thumb Code  1744  printfa.o(i._printf_core)
    i._printf_post_padding                   0x0800466c   Section        0  printfa.o(i._printf_post_padding)
    _printf_post_padding                     0x0800466d   Thumb Code    36  printfa.o(i._printf_post_padding)
    i._printf_pre_padding                    0x08004690   Section        0  printfa.o(i._printf_pre_padding)
    _printf_pre_padding                      0x08004691   Thumb Code    46  printfa.o(i._printf_pre_padding)
    i._sputc                                 0x080046be   Section        0  printfa.o(i._sputc)
    _sputc                                   0x080046bf   Thumb Code    10  printfa.o(i._sputc)
    i.delay_init                             0x080046c8   Section        0  delay.o(i.delay_init)
    i.delay_ms                               0x08004704   Section        0  delay.o(i.delay_ms)
    i.delay_us                               0x0800473c   Section        0  delay.o(i.delay_us)
    i.delay_xms                              0x08004788   Section        0  delay.o(i.delay_xms)
    i.fputc                                  0x080047d4   Section        0  usart.o(i.fputc)
    i.main                                   0x080047f0   Section        0  main.o(i.main)
    i.nbiot_receive_process_event            0x08005120   Section        0  usart.o(i.nbiot_receive_process_event)
    i.uart1_init                             0x08005150   Section        0  usart.o(i.uart1_init)
    i.uart2_init                             0x08005214   Section        0  usart.o(i.uart2_init)
    i.uart3_init                             0x080052e0   Section        0  usart.o(i.uart3_init)
    .constdata                               0x080053b8   Section     7220  lcd.o(.constdata)
    .constdata                               0x08006fec   Section       36  gps.o(.constdata)
    .conststring                             0x08007010   Section       76  bc28.o(.conststring)
    .data                                    0x20000000   Section      116  main.o(.data)
    TimingDelay                              0x20000008   Data           4  main.o(.data)
    .data                                    0x20000074   Section       20  system_stm32f4xx.o(.data)
    .data                                    0x20000088   Section       12  bc28.o(.data)
    .data                                    0x20000094   Section       18  lcd.o(.data)
    .data                                    0x200000a6   Section        2  timer.o(.data)
    .data                                    0x200000a8   Section        4  delay.o(.data)
    fac_us                                   0x200000a8   Data           1  delay.o(.data)
    fac_ms                                   0x200000aa   Data           2  delay.o(.data)
    .data                                    0x200000ac   Section        6  usart.o(.data)
    .data                                    0x200000b2   Section       16  stm32f4xx_rcc.o(.data)
    APBAHBPrescTable                         0x200000b2   Data          16  stm32f4xx_rcc.o(.data)
    .data                                    0x200000c4   Section        4  stdout.o(.data)
    .bss                                     0x200000c8   Section      774  main.o(.bss)
    .bss                                     0x200003ce   Section     1403  bc28.o(.bss)
    .bss                                     0x20000950   Section     2640  usart.o(.bss)
    STACK                                    0x200013a0   Section     1024  startup_stm32f40_41xxx.o(STACK)

    Global Symbols

    Symbol Name                              Value     Ov Type        Size  Object(Section)

    BuildAttributes$$THM_ISAv4$E$P$D$K$B$S$7EM$VFPi3$EXTD16$VFPS$VFMA$PE$A:L22UL41UL21$X:L11$S22US41US21$IEEE1$IW$USESV6$~STKCKD$USESV7$~SHL$OTIME$ROPI$EBA8$MICROLIB$REQ8$PRES8$EABIv2 0x00000000   Number         0  anon$$obj.o ABSOLUTE
    __ARM_use_no_argv                        0x00000000   Number         0  main.o ABSOLUTE
    _printf_a                                0x00000000   Number         0  stubs.o ABSOLUTE
    _printf_c                                0x00000000   Number         0  stubs.o ABSOLUTE
    _printf_charcount                        0x00000000   Number         0  stubs.o ABSOLUTE
    _printf_d                                0x00000000   Number         0  stubs.o ABSOLUTE
    _printf_e                                0x00000000   Number         0  stubs.o ABSOLUTE
    _printf_f                                0x00000000   Number         0  stubs.o ABSOLUTE
    _printf_flags                            0x00000000   Number         0  stubs.o ABSOLUTE
    _printf_fp_dec                           0x00000000   Number         0  stubs.o ABSOLUTE
    _printf_fp_hex                           0x00000000   Number         0  stubs.o ABSOLUTE
    _printf_g                                0x00000000   Number         0  stubs.o ABSOLUTE
    _printf_i                                0x00000000   Number         0  stubs.o ABSOLUTE
    _printf_int_dec                          0x00000000   Number         0  stubs.o ABSOLUTE
    _printf_l                                0x00000000   Number         0  stubs.o ABSOLUTE
    _printf_lc                               0x00000000   Number         0  stubs.o ABSOLUTE
    _printf_ll                               0x00000000   Number         0  stubs.o ABSOLUTE
    _printf_lld                              0x00000000   Number         0  stubs.o ABSOLUTE
    _printf_lli                              0x00000000   Number         0  stubs.o ABSOLUTE
    _printf_llo                              0x00000000   Number         0  stubs.o ABSOLUTE
    _printf_llu                              0x00000000   Number         0  stubs.o ABSOLUTE
    _printf_llx                              0x00000000   Number         0  stubs.o ABSOLUTE
    _printf_longlong_dec                     0x00000000   Number         0  stubs.o ABSOLUTE
    _printf_longlong_hex                     0x00000000   Number         0  stubs.o ABSOLUTE
    _printf_longlong_oct                     0x00000000   Number         0  stubs.o ABSOLUTE
    _printf_ls                               0x00000000   Number         0  stubs.o ABSOLUTE
    _printf_mbtowc                           0x00000000   Number         0  stubs.o ABSOLUTE
    _printf_n                                0x00000000   Number         0  stubs.o ABSOLUTE
    _printf_o                                0x00000000   Number         0  stubs.o ABSOLUTE
    _printf_p                                0x00000000   Number         0  stubs.o ABSOLUTE
    _printf_percent                          0x00000000   Number         0  stubs.o ABSOLUTE
    _printf_pre_padding                      0x00000000   Number         0  stubs.o ABSOLUTE
    _printf_return_value                     0x00000000   Number         0  stubs.o ABSOLUTE
    _printf_s                                0x00000000   Number         0  stubs.o ABSOLUTE
    _printf_sizespec                         0x00000000   Number         0  stubs.o ABSOLUTE
    _printf_str                              0x00000000   Number         0  stubs.o ABSOLUTE
    _printf_truncate_signed                  0x00000000   Number         0  stubs.o ABSOLUTE
    _printf_truncate_unsigned                0x00000000   Number         0  stubs.o ABSOLUTE
    _printf_u                                0x00000000   Number         0  stubs.o ABSOLUTE
    _printf_wc                               0x00000000   Number         0  stubs.o ABSOLUTE
    _printf_wctomb                           0x00000000   Number         0  stubs.o ABSOLUTE
    _printf_widthprec                        0x00000000   Number         0  stubs.o ABSOLUTE
    _printf_x                                0x00000000   Number         0  stubs.o ABSOLUTE
    __cpp_initialize__aeabi_                  - Undefined Weak Reference
    __cxa_finalize                            - Undefined Weak Reference
    __decompress                              - Undefined Weak Reference
    _clock_init                               - Undefined Weak Reference
    _microlib_exit                            - Undefined Weak Reference
    __Vectors_Size                           0x00000188   Number         0  startup_stm32f40_41xxx.o ABSOLUTE
    __Vectors                                0x08000000   Data           4  startup_stm32f40_41xxx.o(RESET)
    __Vectors_End                            0x08000188   Data           0  startup_stm32f40_41xxx.o(RESET)
    __main                                   0x08000189   Thumb Code     0  entry.o(.ARM.Collect$$$$00000000)
    _main_stk                                0x08000189   Thumb Code     0  entry2.o(.ARM.Collect$$$$00000001)
    _main_scatterload                        0x0800018d   Thumb Code     0  entry5.o(.ARM.Collect$$$$00000004)
    __main_after_scatterload                 0x08000191   Thumb Code     0  entry5.o(.ARM.Collect$$$$00000004)
    _main_clock                              0x08000191   Thumb Code     0  entry7b.o(.ARM.Collect$$$$00000008)
    _main_cpp_init                           0x08000191   Thumb Code     0  entry8b.o(.ARM.Collect$$$$0000000A)
    _main_init                               0x08000191   Thumb Code     0  entry9a.o(.ARM.Collect$$$$0000000B)
    __rt_final_cpp                           0x08000199   Thumb Code     0  entry10a.o(.ARM.Collect$$$$0000000D)
    __rt_final_exit                          0x08000199   Thumb Code     0  entry11a.o(.ARM.Collect$$$$0000000F)
    Reset_Handler                            0x0800019d   Thumb Code     8  startup_stm32f40_41xxx.o(.text)
    ADC_IRQHandler                           0x080001b7   Thumb Code     0  startup_stm32f40_41xxx.o(.text)
    CAN1_RX0_IRQHandler                      0x080001b7   Thumb Code     0  startup_stm32f40_41xxx.o(.text)
    CAN1_RX1_IRQHandler                      0x080001b7   Thumb Code     0  startup_stm32f40_41xxx.o(.text)
    CAN1_SCE_IRQHandler                      0x080001b7   Thumb Code     0  startup_stm32f40_41xxx.o(.text)
    CAN1_TX_IRQHandler                       0x080001b7   Thumb Code     0  startup_stm32f40_41xxx.o(.text)
    CAN2_RX0_IRQHandler                      0x080001b7   Thumb Code     0  startup_stm32f40_41xxx.o(.text)
    CAN2_RX1_IRQHandler                      0x080001b7   Thumb Code     0  startup_stm32f40_41xxx.o(.text)
    CAN2_SCE_IRQHandler                      0x080001b7   Thumb Code     0  startup_stm32f40_41xxx.o(.text)
    CAN2_TX_IRQHandler                       0x080001b7   Thumb Code     0  startup_stm32f40_41xxx.o(.text)
    CRYP_IRQHandler                          0x080001b7   Thumb Code     0  startup_stm32f40_41xxx.o(.text)
    DCMI_IRQHandler                          0x080001b7   Thumb Code     0  startup_stm32f40_41xxx.o(.text)
    DMA1_Stream0_IRQHandler                  0x080001b7   Thumb Code     0  startup_stm32f40_41xxx.o(.text)
    DMA1_Stream1_IRQHandler                  0x080001b7   Thumb Code     0  startup_stm32f40_41xxx.o(.text)
    DMA1_Stream2_IRQHandler                  0x080001b7   Thumb Code     0  startup_stm32f40_41xxx.o(.text)
    DMA1_Stream3_IRQHandler                  0x080001b7   Thumb Code     0  startup_stm32f40_41xxx.o(.text)
    DMA1_Stream4_IRQHandler                  0x080001b7   Thumb Code     0  startup_stm32f40_41xxx.o(.text)
    DMA1_Stream5_IRQHandler                  0x080001b7   Thumb Code     0  startup_stm32f40_41xxx.o(.text)
    DMA1_Stream6_IRQHandler                  0x080001b7   Thumb Code     0  startup_stm32f40_41xxx.o(.text)
    DMA1_Stream7_IRQHandler                  0x080001b7   Thumb Code     0  startup_stm32f40_41xxx.o(.text)
    DMA2_Stream0_IRQHandler                  0x080001b7   Thumb Code     0  startup_stm32f40_41xxx.o(.text)
    DMA2_Stream1_IRQHandler                  0x080001b7   Thumb Code     0  startup_stm32f40_41xxx.o(.text)
    DMA2_Stream2_IRQHandler                  0x080001b7   Thumb Code     0  startup_stm32f40_41xxx.o(.text)
    DMA2_Stream3_IRQHandler                  0x080001b7   Thumb Code     0  startup_stm32f40_41xxx.o(.text)
    DMA2_Stream4_IRQHandler                  0x080001b7   Thumb Code     0  startup_stm32f40_41xxx.o(.text)
    DMA2_Stream5_IRQHandler                  0x080001b7   Thumb Code     0  startup_stm32f40_41xxx.o(.text)
    DMA2_Stream6_IRQHandler                  0x080001b7   Thumb Code     0  startup_stm32f40_41xxx.o(.text)
    DMA2_Stream7_IRQHandler                  0x080001b7   Thumb Code     0  startup_stm32f40_41xxx.o(.text)
    ETH_IRQHandler                           0x080001b7   Thumb Code     0  startup_stm32f40_41xxx.o(.text)
    ETH_WKUP_IRQHandler                      0x080001b7   Thumb Code     0  startup_stm32f40_41xxx.o(.text)
    EXTI0_IRQHandler                         0x080001b7   Thumb Code     0  startup_stm32f40_41xxx.o(.text)
    EXTI15_10_IRQHandler                     0x080001b7   Thumb Code     0  startup_stm32f40_41xxx.o(.text)
    EXTI1_IRQHandler                         0x080001b7   Thumb Code     0  startup_stm32f40_41xxx.o(.text)
    EXTI2_IRQHandler                         0x080001b7   Thumb Code     0  startup_stm32f40_41xxx.o(.text)
    EXTI3_IRQHandler                         0x080001b7   Thumb Code     0  startup_stm32f40_41xxx.o(.text)
    EXTI4_IRQHandler                         0x080001b7   Thumb Code     0  startup_stm32f40_41xxx.o(.text)
    EXTI9_5_IRQHandler                       0x080001b7   Thumb Code     0  startup_stm32f40_41xxx.o(.text)
    FLASH_IRQHandler                         0x080001b7   Thumb Code     0  startup_stm32f40_41xxx.o(.text)
    FPU_IRQHandler                           0x080001b7   Thumb Code     0  startup_stm32f40_41xxx.o(.text)
    FSMC_IRQHandler                          0x080001b7   Thumb Code     0  startup_stm32f40_41xxx.o(.text)
    HASH_RNG_IRQHandler                      0x080001b7   Thumb Code     0  startup_stm32f40_41xxx.o(.text)
    I2C1_ER_IRQHandler                       0x080001b7   Thumb Code     0  startup_stm32f40_41xxx.o(.text)
    I2C1_EV_IRQHandler                       0x080001b7   Thumb Code     0  startup_stm32f40_41xxx.o(.text)
    I2C2_ER_IRQHandler                       0x080001b7   Thumb Code     0  startup_stm32f40_41xxx.o(.text)
    I2C2_EV_IRQHandler                       0x080001b7   Thumb Code     0  startup_stm32f40_41xxx.o(.text)
    I2C3_ER_IRQHandler                       0x080001b7   Thumb Code     0  startup_stm32f40_41xxx.o(.text)
    I2C3_EV_IRQHandler                       0x080001b7   Thumb Code     0  startup_stm32f40_41xxx.o(.text)
    OTG_FS_IRQHandler                        0x080001b7   Thumb Code     0  startup_stm32f40_41xxx.o(.text)
    OTG_FS_WKUP_IRQHandler                   0x080001b7   Thumb Code     0  startup_stm32f40_41xxx.o(.text)
    OTG_HS_EP1_IN_IRQHandler                 0x080001b7   Thumb Code     0  startup_stm32f40_41xxx.o(.text)
    OTG_HS_EP1_OUT_IRQHandler                0x080001b7   Thumb Code     0  startup_stm32f40_41xxx.o(.text)
    OTG_HS_IRQHandler                        0x080001b7   Thumb Code     0  startup_stm32f40_41xxx.o(.text)
    OTG_HS_WKUP_IRQHandler                   0x080001b7   Thumb Code     0  startup_stm32f40_41xxx.o(.text)
    PVD_IRQHandler                           0x080001b7   Thumb Code     0  startup_stm32f40_41xxx.o(.text)
    RCC_IRQHandler                           0x080001b7   Thumb Code     0  startup_stm32f40_41xxx.o(.text)
    RTC_Alarm_IRQHandler                     0x080001b7   Thumb Code     0  startup_stm32f40_41xxx.o(.text)
    RTC_WKUP_IRQHandler                      0x080001b7   Thumb Code     0  startup_stm32f40_41xxx.o(.text)
    SDIO_IRQHandler                          0x080001b7   Thumb Code     0  startup_stm32f40_41xxx.o(.text)
    SPI1_IRQHandler                          0x080001b7   Thumb Code     0  startup_stm32f40_41xxx.o(.text)
    SPI2_IRQHandler                          0x080001b7   Thumb Code     0  startup_stm32f40_41xxx.o(.text)
    SPI3_IRQHandler                          0x080001b7   Thumb Code     0  startup_stm32f40_41xxx.o(.text)
    TAMP_STAMP_IRQHandler                    0x080001b7   Thumb Code     0  startup_stm32f40_41xxx.o(.text)
    TIM1_BRK_TIM9_IRQHandler                 0x080001b7   Thumb Code     0  startup_stm32f40_41xxx.o(.text)
    TIM1_CC_IRQHandler                       0x080001b7   Thumb Code     0  startup_stm32f40_41xxx.o(.text)
    TIM1_TRG_COM_TIM11_IRQHandler            0x080001b7   Thumb Code     0  startup_stm32f40_41xxx.o(.text)
    TIM1_UP_TIM10_IRQHandler                 0x080001b7   Thumb Code     0  startup_stm32f40_41xxx.o(.text)
    TIM2_IRQHandler                          0x080001b7   Thumb Code     0  startup_stm32f40_41xxx.o(.text)
    TIM4_IRQHandler                          0x080001b7   Thumb Code     0  startup_stm32f40_41xxx.o(.text)
    TIM5_IRQHandler                          0x080001b7   Thumb Code     0  startup_stm32f40_41xxx.o(.text)
    TIM6_DAC_IRQHandler                      0x080001b7   Thumb Code     0  startup_stm32f40_41xxx.o(.text)
    TIM8_BRK_TIM12_IRQHandler                0x080001b7   Thumb Code     0  startup_stm32f40_41xxx.o(.text)
    TIM8_CC_IRQHandler                       0x080001b7   Thumb Code     0  startup_stm32f40_41xxx.o(.text)
    TIM8_TRG_COM_TIM14_IRQHandler            0x080001b7   Thumb Code     0  startup_stm32f40_41xxx.o(.text)
    TIM8_UP_TIM13_IRQHandler                 0x080001b7   Thumb Code     0  startup_stm32f40_41xxx.o(.text)
    UART4_IRQHandler                         0x080001b7   Thumb Code     0  startup_stm32f40_41xxx.o(.text)
    USART6_IRQHandler                        0x080001b7   Thumb Code     0  startup_stm32f40_41xxx.o(.text)
    WWDG_IRQHandler                          0x080001b7   Thumb Code     0  startup_stm32f40_41xxx.o(.text)
    __aeabi_memset                           0x080001c1   Thumb Code    14  memseta.o(.text)
    __aeabi_memset4                          0x080001c1   Thumb Code     0  memseta.o(.text)
    __aeabi_memset8                          0x080001c1   Thumb Code     0  memseta.o(.text)
    __aeabi_memclr                           0x080001cf   Thumb Code     4  memseta.o(.text)
    __aeabi_memclr4                          0x080001cf   Thumb Code     0  memseta.o(.text)
    __aeabi_memclr8                          0x080001cf   Thumb Code     0  memseta.o(.text)
    _memset$wrapper                          0x080001d3   Thumb Code    18  memseta.o(.text)
    strcat                                   0x080001e5   Thumb Code    24  strcat.o(.text)
    strstr                                   0x080001fd   Thumb Code    36  strstr.o(.text)
    __aeabi_dadd                             0x08000221   Thumb Code   322  dadd.o(.text)
    __aeabi_dsub                             0x08000363   Thumb Code     6  dadd.o(.text)
    __aeabi_drsub                            0x08000369   Thumb Code     6  dadd.o(.text)
    __aeabi_dmul                             0x0800036f   Thumb Code   228  dmul.o(.text)
    __aeabi_ddiv                             0x08000453   Thumb Code   222  ddiv.o(.text)
    __aeabi_ui2d                             0x08000531   Thumb Code    26  dfltui.o(.text)
    __aeabi_f2d                              0x0800054b   Thumb Code    38  f2d.o(.text)
    __aeabi_cdcmpeq                          0x08000571   Thumb Code     0  cdcmple.o(.text)
    __aeabi_cdcmple                          0x08000571   Thumb Code    48  cdcmple.o(.text)
    __aeabi_cdrcmple                         0x080005a1   Thumb Code    48  cdrcmple.o(.text)
    __aeabi_d2f                              0x080005d1   Thumb Code    56  d2f.o(.text)
    __aeabi_uidiv                            0x08000609   Thumb Code     0  uidiv.o(.text)
    __aeabi_uidivmod                         0x08000609   Thumb Code    44  uidiv.o(.text)
    __aeabi_uldivmod                         0x08000635   Thumb Code    98  uldiv.o(.text)
    __aeabi_llsl                             0x08000697   Thumb Code    30  llshl.o(.text)
    _ll_shift_l                              0x08000697   Thumb Code     0  llshl.o(.text)
    __aeabi_llsr                             0x080006b5   Thumb Code    32  llushr.o(.text)
    _ll_ushift_r                             0x080006b5   Thumb Code     0  llushr.o(.text)
    __aeabi_lasr                             0x080006d5   Thumb Code    36  llsshr.o(.text)
    _ll_sshift_r                             0x080006d5   Thumb Code     0  llsshr.o(.text)
    __I$use$fp                               0x080006f9   Thumb Code     0  iusefp.o(.text)
    _float_round                             0x080006f9   Thumb Code    18  fepilogue.o(.text)
    _float_epilogue                          0x0800070b   Thumb Code    92  fepilogue.o(.text)
    _double_round                            0x08000767   Thumb Code    30  depilogue.o(.text)
    _double_epilogue                         0x08000785   Thumb Code   156  depilogue.o(.text)
    __aeabi_d2ulz                            0x08000821   Thumb Code    48  dfixul.o(.text)
    __scatterload                            0x08000851   Thumb Code    28  init.o(.text)
    __scatterload_rt2                        0x08000851   Thumb Code     0  init.o(.text)
    ADC1_Init                                0x08000875   Thumb Code   170  adc.o(i.ADC1_Init)
    ADC_Cmd                                  0x0800092d   Thumb Code    22  stm32f4xx_adc.o(i.ADC_Cmd)
    ADC_CommonInit                           0x08000945   Thumb Code    34  stm32f4xx_adc.o(i.ADC_CommonInit)
    ADC_GetConversionValue                   0x08000975   Thumb Code     8  stm32f4xx_adc.o(i.ADC_GetConversionValue)
    ADC_GetFlagStatus                        0x0800097d   Thumb Code    18  stm32f4xx_adc.o(i.ADC_GetFlagStatus)
    ADC_Init                                 0x08000991   Thumb Code    74  stm32f4xx_adc.o(i.ADC_Init)
    ADC_RegularChannelConfig                 0x080009e5   Thumb Code   184  stm32f4xx_adc.o(i.ADC_RegularChannelConfig)
    ADC_SoftwareStartConv                    0x08000a9d   Thumb Code    10  stm32f4xx_adc.o(i.ADC_SoftwareStartConv)
    ADC_TempSensorVrefintCmd                 0x08000aa9   Thumb Code    34  stm32f4xx_adc.o(i.ADC_TempSensorVrefintCmd)
    BC28_ALYIOTSenddata1                     0x08000ad5   Thumb Code   118  bc28.o(i.BC28_ALYIOTSenddata1)
    BC28_ALYIOTSenddata2                     0x08000bc5   Thumb Code   122  bc28.o(i.BC28_ALYIOTSenddata2)
    BC28_ALYIOTSenddata3                     0x08000cb9   Thumb Code   126  bc28.o(i.BC28_ALYIOTSenddata3)
    BC28_Init                                0x08000d9d   Thumb Code   590  bc28.o(i.BC28_Init)
    BC28_PDPACT                              0x08001149   Thumb Code   230  bc28.o(i.BC28_PDPACT)
    BC28_RegALIYUNIOT                        0x080012b9   Thumb Code   484  bc28.o(i.BC28_RegALIYUNIOT)
    BusFault_Handler                         0x08001621   Thumb Code     4  stm32f4xx_it.o(i.BusFault_Handler)
    Clear_Buffer                             0x08001625   Thumb Code    38  bc28.o(i.Clear_Buffer)
    DebugMon_Handler                         0x08001659   Thumb Code     2  stm32f4xx_it.o(i.DebugMon_Handler)
    EC_Value_Conversion                      0x0800165d   Thumb Code   384  main.o(i.EC_Value_Conversion)
    FSMC_NORSRAMCmd                          0x08001841   Thumb Code    46  stm32f4xx_fsmc.o(i.FSMC_NORSRAMCmd)
    FSMC_NORSRAMInit                         0x08001875   Thumb Code   230  stm32f4xx_fsmc.o(i.FSMC_NORSRAMInit)
    GPIO_Init                                0x0800195b   Thumb Code   144  stm32f4xx_gpio.o(i.GPIO_Init)
    GPIO_PinAFConfig                         0x080019eb   Thumb Code    70  stm32f4xx_gpio.o(i.GPIO_PinAFConfig)
    GPIO_ResetBits                           0x08001a31   Thumb Code     4  stm32f4xx_gpio.o(i.GPIO_ResetBits)
    GPIO_SetBits                             0x08001a35   Thumb Code     4  stm32f4xx_gpio.o(i.GPIO_SetBits)
    GPIO_ToggleBits                          0x08001a39   Thumb Code     8  stm32f4xx_gpio.o(i.GPIO_ToggleBits)
    GPS_Analysis                             0x08001a41   Thumb Code    56  gps.o(i.GPS_Analysis)
    Get_Adc                                  0x08001a79   Thumb Code    44  adc.o(i.Get_Adc)
    Get_Adc_Average                          0x08001aa9   Thumb Code    46  adc.o(i.Get_Adc_Average)
    Gps_Msg_Show                             0x08001ad9   Thumb Code   336  main.o(i.Gps_Msg_Show)
    HardFault_Handler                        0x08001cc5   Thumb Code     4  stm32f4xx_it.o(i.HardFault_Handler)
    ILI9341_Read_id                          0x08001cc9   Thumb Code    30  lcd.o(i.ILI9341_Read_id)
    LCD_Clear                                0x08001ced   Thumb Code    48  lcd.o(i.LCD_Clear)
    LCD_Color_DrawPoint                      0x08001d29   Thumb Code    30  lcd.o(i.LCD_Color_DrawPoint)
    LCD_DisplayChar                          0x08001d51   Thumb Code   206  lcd.o(i.LCD_DisplayChar)
    LCD_DisplayString                        0x08001e35   Thumb Code    64  lcd.o(i.LCD_DisplayString)
    LCD_DrawPoint                            0x08001e79   Thumb Code    28  lcd.o(i.LCD_DrawPoint)
    LCD_FSMC_Config                          0x08001e9d   Thumb Code   530  lcd.o(i.LCD_FSMC_Config)
    LCD_Fill_onecolor                        0x080020c1   Thumb Code    80  lcd.o(i.LCD_Fill_onecolor)
    LCD_Init                                 0x08002115   Thumb Code   950  lcd.o(i.LCD_Init)
    LCD_Open_Window                          0x080024dd   Thumb Code   166  lcd.o(i.LCD_Open_Window)
    LCD_SetCursor                            0x0800259d   Thumb Code   186  lcd.o(i.LCD_SetCursor)
    LCD_WriteGRAM                            0x08002675   Thumb Code    10  lcd.o(i.LCD_WriteGRAM)
    LCD_WriteReg                             0x08002689   Thumb Code    10  lcd.o(i.LCD_WriteReg)
    LED_Init                                 0x08002699   Thumb Code   100  led.o(i.LED_Init)
    MemManage_Handler                        0x08002709   Thumb Code     4  stm32f4xx_it.o(i.MemManage_Handler)
    NMEA_BDGSV_Analysis                      0x0800270d   Thumb Code   298  gps.o(i.NMEA_BDGSV_Analysis)
    NMEA_Comma_Pos                           0x08002841   Thumb Code    50  gps.o(i.NMEA_Comma_Pos)
    NMEA_GNGGA_Analysis                      0x08002875   Thumb Code    96  gps.o(i.NMEA_GNGGA_Analysis)
    NMEA_GNGSA_Analysis                      0x080028dd   Thumb Code   176  gps.o(i.NMEA_GNGSA_Analysis)
    NMEA_GNRMC_Analysis                      0x08002995   Thumb Code   536  gps.o(i.NMEA_GNRMC_Analysis)
    NMEA_GNVTG_Analysis                      0x08002bb9   Thumb Code    78  gps.o(i.NMEA_GNVTG_Analysis)
    NMEA_GPGSV_Analysis                      0x08002c11   Thumb Code   290  gps.o(i.NMEA_GPGSV_Analysis)
    NMEA_Pow                                 0x08002d3d   Thumb Code    22  gps.o(i.NMEA_Pow)
    NMEA_Str2num                             0x08002d53   Thumb Code   234  gps.o(i.NMEA_Str2num)
    NMI_Handler                              0x08002e3d   Thumb Code     2  stm32f4xx_it.o(i.NMI_Handler)
    NVIC_Init                                0x08002e41   Thumb Code   106  misc.o(i.NVIC_Init)
    NVIC_PriorityGroupConfig                 0x08002eb9   Thumb Code    10  misc.o(i.NVIC_PriorityGroupConfig)
    PendSV_Handler                           0x08002ef5   Thumb Code     2  stm32f4xx_it.o(i.PendSV_Handler)
    RCC_AHB1PeriphClockCmd                   0x08002ef9   Thumb Code    26  stm32f4xx_rcc.o(i.RCC_AHB1PeriphClockCmd)
    RCC_AHB3PeriphClockCmd                   0x08002f19   Thumb Code    26  stm32f4xx_rcc.o(i.RCC_AHB3PeriphClockCmd)
    RCC_APB1PeriphClockCmd                   0x08002f39   Thumb Code    26  stm32f4xx_rcc.o(i.RCC_APB1PeriphClockCmd)
    RCC_APB1PeriphResetCmd                   0x08002f59   Thumb Code    26  stm32f4xx_rcc.o(i.RCC_APB1PeriphResetCmd)
    RCC_APB2PeriphClockCmd                   0x08002f79   Thumb Code    26  stm32f4xx_rcc.o(i.RCC_APB2PeriphClockCmd)
    RCC_APB2PeriphResetCmd                   0x08002f99   Thumb Code    26  stm32f4xx_rcc.o(i.RCC_APB2PeriphResetCmd)
    RCC_GetClocksFreq                        0x08002fb9   Thumb Code   214  stm32f4xx_rcc.o(i.RCC_GetClocksFreq)
    SVC_Handler                              0x080030a1   Thumb Code     2  stm32f4xx_it.o(i.SVC_Handler)
    Set_Display_Mode                         0x08003191   Thumb Code   214  lcd.o(i.Set_Display_Mode)
    Set_Scan_Direction                       0x08003285   Thumb Code   204  lcd.o(i.Set_Scan_Direction)
    SkyTra_Cfg_Ack_Check                     0x08003361   Thumb Code   100  gps.o(i.SkyTra_Cfg_Ack_Check)
    SkyTra_Cfg_Prt                           0x080033cd   Thumb Code    86  gps.o(i.SkyTra_Cfg_Prt)
    SkyTra_Cfg_Rate                          0x0800342d   Thumb Code    60  gps.o(i.SkyTra_Cfg_Rate)
    SkyTra_Cfg_Tp                            0x0800346d   Thumb Code   126  gps.o(i.SkyTra_Cfg_Tp)
    SkyTra_Send_Date                         0x080034f1   Thumb Code    40  gps.o(i.SkyTra_Send_Date)
    Ssd1963_Set_BackLight                    0x0800351d   Thumb Code    32  lcd.o(i.Ssd1963_Set_BackLight)
    SysTick_CLKSourceConfig                  0x08003541   Thumb Code    40  misc.o(i.SysTick_CLKSourceConfig)
    SysTick_Handler                          0x08003569   Thumb Code     2  stm32f4xx_it.o(i.SysTick_Handler)
    SystemInit                               0x0800356d   Thumb Code    88  system_stm32f4xx.o(i.SystemInit)
    TIM3_IRQHandler                          0x080035d5   Thumb Code    58  timer.o(i.TIM3_IRQHandler)
    TIM3_Int_Init                            0x0800361d   Thumb Code    86  timer.o(i.TIM3_Int_Init)
    TIM7_IRQHandler                          0x08003679   Thumb Code    42  timer.o(i.TIM7_IRQHandler)
    TIM7_Int_Init                            0x080036ad   Thumb Code    80  timer.o(i.TIM7_Int_Init)
    TIM_ClearITPendingBit                    0x08003701   Thumb Code     6  stm32f4xx_tim.o(i.TIM_ClearITPendingBit)
    TIM_Cmd                                  0x08003707   Thumb Code    24  stm32f4xx_tim.o(i.TIM_Cmd)
    TIM_GetITStatus                          0x0800371f   Thumb Code    34  stm32f4xx_tim.o(i.TIM_GetITStatus)
    TIM_ITConfig                             0x08003741   Thumb Code    18  stm32f4xx_tim.o(i.TIM_ITConfig)
    TIM_SetCounter                           0x08003753   Thumb Code     4  stm32f4xx_tim.o(i.TIM_SetCounter)
    TIM_TimeBaseInit                         0x08003759   Thumb Code   104  stm32f4xx_tim.o(i.TIM_TimeBaseInit)
    TU_Value_Conversion                      0x080037dd   Thumb Code   286  main.o(i.TU_Value_Conversion)
    UART5_IRQHandler                         0x08003935   Thumb Code    96  usart.o(i.UART5_IRQHandler)
    USART1_IRQHandler                        0x080039a5   Thumb Code    46  usart.o(i.USART1_IRQHandler)
    USART2_IRQHandler                        0x080039dd   Thumb Code    76  usart.o(i.USART2_IRQHandler)
    USART3_IRQHandler                        0x08003a2d   Thumb Code    96  usart.o(i.USART3_IRQHandler)
    USART_ClearFlag                          0x08003a9d   Thumb Code    18  stm32f4xx_usart.o(i.USART_ClearFlag)
    USART_ClearITPendingBit                  0x08003aaf   Thumb Code    30  stm32f4xx_usart.o(i.USART_ClearITPendingBit)
    USART_Cmd                                0x08003acd   Thumb Code    24  stm32f4xx_usart.o(i.USART_Cmd)
    USART_DeInit                             0x08003ae5   Thumb Code   206  stm32f4xx_usart.o(i.USART_DeInit)
    USART_GetFlagStatus                      0x08003bd5   Thumb Code    26  stm32f4xx_usart.o(i.USART_GetFlagStatus)
    USART_GetITStatus                        0x08003bef   Thumb Code    84  stm32f4xx_usart.o(i.USART_GetITStatus)
    USART_ITConfig                           0x08003c43   Thumb Code    74  stm32f4xx_usart.o(i.USART_ITConfig)
    USART_Init                               0x08003c8d   Thumb Code   204  stm32f4xx_usart.o(i.USART_Init)
    USART_ReceiveData                        0x08003d61   Thumb Code    10  stm32f4xx_usart.o(i.USART_ReceiveData)
    USART_SendData                           0x08003d6b   Thumb Code     8  stm32f4xx_usart.o(i.USART_SendData)
    Uart1_SendStr                            0x08003d75   Thumb Code    32  usart.o(i.Uart1_SendStr)
    Uart2_SendStr                            0x08003d99   Thumb Code    34  usart.o(i.Uart2_SendStr)
    UsageFault_Handler                       0x08003dc1   Thumb Code     4  stm32f4xx_it.o(i.UsageFault_Handler)
    __0printf                                0x08003dc5   Thumb Code    22  printfa.o(i.__0printf)
    __1printf                                0x08003dc5   Thumb Code     0  printfa.o(i.__0printf)
    __2printf                                0x08003dc5   Thumb Code     0  printfa.o(i.__0printf)
    __c89printf                              0x08003dc5   Thumb Code     0  printfa.o(i.__0printf)
    printf                                   0x08003dc5   Thumb Code     0  printfa.o(i.__0printf)
    __0sprintf                               0x08003de5   Thumb Code    34  printfa.o(i.__0sprintf)
    __1sprintf                               0x08003de5   Thumb Code     0  printfa.o(i.__0sprintf)
    __2sprintf                               0x08003de5   Thumb Code     0  printfa.o(i.__0sprintf)
    __c89sprintf                             0x08003de5   Thumb Code     0  printfa.o(i.__0sprintf)
    sprintf                                  0x08003de5   Thumb Code     0  printfa.o(i.__0sprintf)
    __scatterload_copy                       0x08003e0d   Thumb Code    14  handlers.o(i.__scatterload_copy)
    __scatterload_null                       0x08003e1b   Thumb Code     2  handlers.o(i.__scatterload_null)
    __scatterload_zeroinit                   0x08003e1d   Thumb Code    14  handlers.o(i.__scatterload_zeroinit)
    delay_init                               0x080046c9   Thumb Code    52  delay.o(i.delay_init)
    delay_ms                                 0x08004705   Thumb Code    56  delay.o(i.delay_ms)
    delay_us                                 0x0800473d   Thumb Code    72  delay.o(i.delay_us)
    delay_xms                                0x08004789   Thumb Code    72  delay.o(i.delay_xms)
    fputc                                    0x080047d5   Thumb Code    22  usart.o(i.fputc)
    main                                     0x080047f1   Thumb Code  2082  main.o(i.main)
    nbiot_receive_process_event              0x08005121   Thumb Code    44  usart.o(i.nbiot_receive_process_event)
    uart1_init                               0x08005151   Thumb Code   186  usart.o(i.uart1_init)
    uart2_init                               0x08005215   Thumb Code   194  usart.o(i.uart2_init)
    uart3_init                               0x080052e1   Thumb Code   198  usart.o(i.uart3_init)
    char_1206                                0x080053b8   Data        1140  lcd.o(.constdata)
    char_1608                                0x0800582c   Data        1520  lcd.o(.constdata)
    char_2412                                0x08005e1c   Data        4560  lcd.o(.constdata)
    BAUD_id                                  0x08006fec   Data          36  gps.o(.constdata)
    Region$$Table$$Base                      0x0800705c   Number         0  anon$$obj.o(Region$$Table)
    Region$$Table$$Limit                     0x0800707c   Number         0  anon$$obj.o(Region$$Table)
    GPIO_InitStructure                       0x20000000   Data           8  main.o(.data)
    temp                                     0x2000000c   Data           1  main.o(.data)
    humi                                     0x2000000d   Data           1  main.o(.data)
    ADC_Value                                0x2000000e   Data           2  main.o(.data)
    compensationVolatge                      0x20000010   Data           8  main.o(.data)
    Longitude1                               0x20000018   Data           1  main.o(.data)
    Latitude1                                0x20000019   Data           1  main.o(.data)
    Altitude1                                0x2000001a   Data           1  main.o(.data)
    tp                                       0x2000001c   Data           4  main.o(.data)
    temp_data                                0x20000020   Data           4  main.o(.data)
    ADC_Value_adj                            0x20000024   Data           2  main.o(.data)
    ADC_Value2                               0x20000026   Data           2  main.o(.data)
    PH_Value                                 0x20000028   Data           4  main.o(.data)
    PH_GET                                   0x2000002c   Data           4  main.o(.data)
    mmm                                      0x20000030   Data           4  main.o(.data)
    EC_Value                                 0x20000034   Data           4  main.o(.data)
    EC_GET                                   0x20000038   Data           4  main.o(.data)
    raw_EC                                   0x2000003c   Data           4  main.o(.data)
    kValue                                   0x20000040   Data           4  main.o(.data)
    kValue_Low                               0x20000044   Data           4  main.o(.data)
    kValue_High                              0x20000048   Data           4  main.o(.data)
    EC_valueTemp                             0x2000004c   Data           4  main.o(.data)
    EC_value                                 0x20000050   Data           4  main.o(.data)
    compensationCoefficient                  0x20000054   Data           4  main.o(.data)
    TDS_Value                                0x20000058   Data           4  main.o(.data)
    TDS_GET                                  0x2000005c   Data           4  main.o(.data)
    kValue_TDS                               0x20000060   Data           4  main.o(.data)
    K_Value_TU                               0x20000064   Data           4  main.o(.data)
    TU                                       0x20000068   Data           4  main.o(.data)
    TU_value                                 0x2000006c   Data           4  main.o(.data)
    TU_calibration                           0x20000070   Data           4  main.o(.data)
    SystemCoreClock                          0x20000074   Data           4  system_stm32f4xx.o(.data)
    AHBPrescTable                            0x20000078   Data          16  system_stm32f4xx.o(.data)
    strx                                     0x20000088   Data           4  bc28.o(.data)
    extstrx                                  0x2000008c   Data           4  bc28.o(.data)
    err                                      0x20000090   Data           4  bc28.o(.data)
    BRUSH_COLOR                              0x20000094   Data           2  lcd.o(.data)
    BACK_COLOR                               0x20000096   Data           2  lcd.o(.data)
    lcd_id                                   0x20000098   Data           2  lcd.o(.data)
    dir_flag                                 0x2000009a   Data           1  lcd.o(.data)
    lcd_width                                0x2000009c   Data           2  lcd.o(.data)
    lcd_height                               0x2000009e   Data           2  lcd.o(.data)
    write_gramcmd                            0x200000a0   Data           2  lcd.o(.data)
    setxcmd                                  0x200000a2   Data           2  lcd.o(.data)
    setycmd                                  0x200000a4   Data           2  lcd.o(.data)
    Timeout                                  0x200000a6   Data           1  timer.o(.data)
    uart1_getok                              0x200000a7   Data           1  timer.o(.data)
    UART5_RX_STA                             0x200000ac   Data           2  usart.o(.data)
    USART3_RX_STA                            0x200000ae   Data           2  usart.o(.data)
    RxCounter1                               0x200000b0   Data           1  usart.o(.data)
    RxCounter2                               0x200000b1   Data           1  usart.o(.data)
    __stdout                                 0x200000c4   Data           4  stdout.o(.data)
    USART1_TX_BUF                            0x200000c8   Data         400  main.o(.bss)
    gpsx                                     0x20000258   Data         166  main.o(.bss)
    dtbuf                                    0x20000300   Data          50  main.o(.bss)
    dtbuf1                                   0x20000334   Data          50  main.o(.bss)
    dtbuf2                                   0x20000368   Data          50  main.o(.bss)
    dtbuf3                                   0x2000039c   Data          50  main.o(.bss)
    atstr                                    0x200003ce   Data         256  bc28.o(.bss)
    atstr2                                   0x200004ce   Data         256  bc28.o(.bss)
    atbuf                                    0x200005ce   Data         256  bc28.o(.bss)
    objtnum                                  0x200006ce   Data         256  bc28.o(.bss)
    distnum                                  0x200007ce   Data         256  bc28.o(.bss)
    BC28_Status                              0x200008ce   Data         123  bc28.o(.bss)
    UART5_TX_BUF                             0x20000950   Data         400  usart.o(.bss)
    UART5_RX_BUF                             0x20000ae0   Data         400  usart.o(.bss)
    USART3_TX_BUF                            0x20000c70   Data         400  usart.o(.bss)
    USART3_RX_BUF                            0x20000e00   Data         400  usart.o(.bss)
    buf_uart1                                0x20000f90   Data         264  usart.o(.bss)
    buf_uart2                                0x20001098   Data         264  usart.o(.bss)
    RxBuffer1                                0x200011a0   Data         256  usart.o(.bss)
    RxBuffer2                                0x200012a0   Data         256  usart.o(.bss)
    __initial_sp                             0x200017a0   Data           0  startup_stm32f40_41xxx.o(STACK)



==============================================================================

Memory Map of the image

  Image Entry point : 0x08000189

  Load Region LR_IROM1 (Base: 0x08000000, Size: 0x00007144, Max: 0x00100000, ABSOLUTE)

    Execution Region ER_IROM1 (Base: 0x08000000, Size: 0x0000707c, Max: 0x00100000, ABSOLUTE)

    Base Addr    Size         Type   Attr      Idx    E Section Name        Object

    0x08000000   0x00000188   Data   RO         1193    RESET               startup_stm32f40_41xxx.o
    0x08000188   0x00000000   Code   RO         4766  * .ARM.Collect$$$$00000000  mc_w.l(entry.o)
    0x08000188   0x00000004   Code   RO         5058    .ARM.Collect$$$$00000001  mc_w.l(entry2.o)
    0x0800018c   0x00000004   Code   RO         5061    .ARM.Collect$$$$00000004  mc_w.l(entry5.o)
    0x08000190   0x00000000   Code   RO         5063    .ARM.Collect$$$$00000008  mc_w.l(entry7b.o)
    0x08000190   0x00000000   Code   RO         5065    .ARM.Collect$$$$0000000A  mc_w.l(entry8b.o)
    0x08000190   0x00000008   Code   RO         5066    .ARM.Collect$$$$0000000B  mc_w.l(entry9a.o)
    0x08000198   0x00000000   Code   RO         5068    .ARM.Collect$$$$0000000D  mc_w.l(entry10a.o)
    0x08000198   0x00000000   Code   RO         5070    .ARM.Collect$$$$0000000F  mc_w.l(entry11a.o)
    0x08000198   0x00000004   Code   RO         5059    .ARM.Collect$$$$00002712  mc_w.l(entry2.o)
    0x0800019c   0x00000024   Code   RO         1194    .text               startup_stm32f40_41xxx.o
    0x080001c0   0x00000024   Code   RO         4769    .text               mc_w.l(memseta.o)
    0x080001e4   0x00000018   Code   RO         4771    .text               mc_w.l(strcat.o)
    0x080001fc   0x00000024   Code   RO         4773    .text               mc_w.l(strstr.o)
    0x08000220   0x0000014e   Code   RO         5038    .text               mf_w.l(dadd.o)
    0x0800036e   0x000000e4   Code   RO         5040    .text               mf_w.l(dmul.o)
    0x08000452   0x000000de   Code   RO         5042    .text               mf_w.l(ddiv.o)
    0x08000530   0x0000001a   Code   RO         5046    .text               mf_w.l(dfltui.o)
    0x0800054a   0x00000026   Code   RO         5050    .text               mf_w.l(f2d.o)
    0x08000570   0x00000030   Code   RO         5052    .text               mf_w.l(cdcmple.o)
    0x080005a0   0x00000030   Code   RO         5054    .text               mf_w.l(cdrcmple.o)
    0x080005d0   0x00000038   Code   RO         5056    .text               mf_w.l(d2f.o)
    0x08000608   0x0000002c   Code   RO         5073    .text               mc_w.l(uidiv.o)
    0x08000634   0x00000062   Code   RO         5075    .text               mc_w.l(uldiv.o)
    0x08000696   0x0000001e   Code   RO         5077    .text               mc_w.l(llshl.o)
    0x080006b4   0x00000020   Code   RO         5079    .text               mc_w.l(llushr.o)
    0x080006d4   0x00000024   Code   RO         5081    .text               mc_w.l(llsshr.o)
    0x080006f8   0x00000000   Code   RO         5083    .text               mc_w.l(iusefp.o)
    0x080006f8   0x0000006e   Code   RO         5084    .text               mf_w.l(fepilogue.o)
    0x08000766   0x000000ba   Code   RO         5086    .text               mf_w.l(depilogue.o)
    0x08000820   0x00000030   Code   RO         5088    .text               mf_w.l(dfixul.o)
    0x08000850   0x00000024   Code   RO         5090    .text               mc_w.l(init.o)
    0x08000874   0x000000b8   Code   RO          730    i.ADC1_Init         adc.o
    0x0800092c   0x00000016   Code   RO         1926    i.ADC_Cmd           stm32f4xx_adc.o
    0x08000942   0x00000002   PAD
    0x08000944   0x00000030   Code   RO         1927    i.ADC_CommonInit    stm32f4xx_adc.o
    0x08000974   0x00000008   Code   RO         1938    i.ADC_GetConversionValue  stm32f4xx_adc.o
    0x0800097c   0x00000012   Code   RO         1939    i.ADC_GetFlagStatus  stm32f4xx_adc.o
    0x0800098e   0x00000002   PAD
    0x08000990   0x00000054   Code   RO         1946    i.ADC_Init          stm32f4xx_adc.o
    0x080009e4   0x000000b8   Code   RO         1951    i.ADC_RegularChannelConfig  stm32f4xx_adc.o
    0x08000a9c   0x0000000a   Code   RO         1953    i.ADC_SoftwareStartConv  stm32f4xx_adc.o
    0x08000aa6   0x00000002   PAD
    0x08000aa8   0x0000002c   Code   RO         1956    i.ADC_TempSensorVrefintCmd  stm32f4xx_adc.o
    0x08000ad4   0x000000f0   Code   RO          340    i.BC28_ALYIOTSenddata1  bc28.o
    0x08000bc4   0x000000f4   Code   RO          341    i.BC28_ALYIOTSenddata2  bc28.o
    0x08000cb8   0x000000e4   Code   RO          342    i.BC28_ALYIOTSenddata3  bc28.o
    0x08000d9c   0x000003ac   Code   RO          344    i.BC28_Init         bc28.o
    0x08001148   0x00000170   Code   RO          345    i.BC28_PDPACT       bc28.o
    0x080012b8   0x00000368   Code   RO          346    i.BC28_RegALIYUNIOT  bc28.o
    0x08001620   0x00000004   Code   RO          206    i.BusFault_Handler  stm32f4xx_it.o
    0x08001624   0x00000034   Code   RO          348    i.Clear_Buffer      bc28.o
    0x08001658   0x00000002   Code   RO          207    i.DebugMon_Handler  stm32f4xx_it.o
    0x0800165a   0x00000002   PAD
    0x0800165c   0x000001e4   Code   RO            3    i.EC_Value_Conversion  main.o
    0x08001840   0x00000034   Code   RO         4648    i.FSMC_NORSRAMCmd   stm32f4xx_fsmc.o
    0x08001874   0x000000e6   Code   RO         4650    i.FSMC_NORSRAMInit  stm32f4xx_fsmc.o
    0x0800195a   0x00000090   Code   RO         1245    i.GPIO_Init         stm32f4xx_gpio.o
    0x080019ea   0x00000046   Code   RO         1246    i.GPIO_PinAFConfig  stm32f4xx_gpio.o
    0x08001a30   0x00000004   Code   RO         1252    i.GPIO_ResetBits    stm32f4xx_gpio.o
    0x08001a34   0x00000004   Code   RO         1253    i.GPIO_SetBits      stm32f4xx_gpio.o
    0x08001a38   0x00000008   Code   RO         1255    i.GPIO_ToggleBits   stm32f4xx_gpio.o
    0x08001a40   0x00000038   Code   RO          859    i.GPS_Analysis      gps.o
    0x08001a78   0x00000030   Code   RO          731    i.Get_Adc           adc.o
    0x08001aa8   0x0000002e   Code   RO          732    i.Get_Adc_Average   adc.o
    0x08001ad6   0x00000002   PAD
    0x08001ad8   0x000001ec   Code   RO            4    i.Gps_Msg_Show      main.o
    0x08001cc4   0x00000004   Code   RO          208    i.HardFault_Handler  stm32f4xx_it.o
    0x08001cc8   0x00000024   Code   RO          423    i.ILI9341_Read_id   lcd.o
    0x08001cec   0x0000003c   Code   RO          424    i.LCD_Clear         lcd.o
    0x08001d28   0x00000028   Code   RO          425    i.LCD_Color_DrawPoint  lcd.o
    0x08001d50   0x000000e4   Code   RO          426    i.LCD_DisplayChar   lcd.o
    0x08001e34   0x00000044   Code   RO          431    i.LCD_DisplayString  lcd.o
    0x08001e78   0x00000024   Code   RO          433    i.LCD_DrawPoint     lcd.o
    0x08001e9c   0x00000224   Code   RO          435    i.LCD_FSMC_Config   lcd.o
    0x080020c0   0x00000054   Code   RO          436    i.LCD_Fill_onecolor  lcd.o
    0x08002114   0x000003c8   Code   RO          438    i.LCD_Init          lcd.o
    0x080024dc   0x000000c0   Code   RO          439    i.LCD_Open_Window   lcd.o
    0x0800259c   0x000000d8   Code   RO          441    i.LCD_SetCursor     lcd.o
    0x08002674   0x00000014   Code   RO          442    i.LCD_WriteGRAM     lcd.o
    0x08002688   0x00000010   Code   RO          443    i.LCD_WriteReg      lcd.o
    0x08002698   0x00000070   Code   RO          684    i.LED_Init          led.o
    0x08002708   0x00000004   Code   RO          209    i.MemManage_Handler  stm32f4xx_it.o
    0x0800270c   0x00000134   Code   RO          860    i.NMEA_BDGSV_Analysis  gps.o
    0x08002840   0x00000032   Code   RO          861    i.NMEA_Comma_Pos    gps.o
    0x08002872   0x00000002   PAD
    0x08002874   0x00000068   Code   RO          862    i.NMEA_GNGGA_Analysis  gps.o
    0x080028dc   0x000000b8   Code   RO          863    i.NMEA_GNGSA_Analysis  gps.o
    0x08002994   0x00000224   Code   RO          864    i.NMEA_GNRMC_Analysis  gps.o
    0x08002bb8   0x00000058   Code   RO          865    i.NMEA_GNVTG_Analysis  gps.o
    0x08002c10   0x0000012c   Code   RO          866    i.NMEA_GPGSV_Analysis  gps.o
    0x08002d3c   0x00000016   Code   RO          867    i.NMEA_Pow          gps.o
    0x08002d52   0x000000ea   Code   RO          868    i.NMEA_Str2num      gps.o
    0x08002e3c   0x00000002   Code   RO          210    i.NMI_Handler       stm32f4xx_it.o
    0x08002e3e   0x00000002   PAD
    0x08002e40   0x00000078   Code   RO         1200    i.NVIC_Init         misc.o
    0x08002eb8   0x00000014   Code   RO         1201    i.NVIC_PriorityGroupConfig  misc.o
    0x08002ecc   0x00000028   Code   RO          349    i.NVIC_SystemReset  bc28.o
    0x08002ef4   0x00000002   Code   RO          211    i.PendSV_Handler    stm32f4xx_it.o
    0x08002ef6   0x00000002   PAD
    0x08002ef8   0x00000020   Code   RO         1342    i.RCC_AHB1PeriphClockCmd  stm32f4xx_rcc.o
    0x08002f18   0x00000020   Code   RO         1348    i.RCC_AHB3PeriphClockCmd  stm32f4xx_rcc.o
    0x08002f38   0x00000020   Code   RO         1351    i.RCC_APB1PeriphClockCmd  stm32f4xx_rcc.o
    0x08002f58   0x00000020   Code   RO         1353    i.RCC_APB1PeriphResetCmd  stm32f4xx_rcc.o
    0x08002f78   0x00000020   Code   RO         1354    i.RCC_APB2PeriphClockCmd  stm32f4xx_rcc.o
    0x08002f98   0x00000020   Code   RO         1356    i.RCC_APB2PeriphResetCmd  stm32f4xx_rcc.o
    0x08002fb8   0x000000e8   Code   RO         1363    i.RCC_GetClocksFreq  stm32f4xx_rcc.o
    0x080030a0   0x00000002   Code   RO          212    i.SVC_Handler       stm32f4xx_it.o
    0x080030a2   0x00000002   PAD
    0x080030a4   0x000000ec   Code   RO          303    i.SetSysClock       system_stm32f4xx.o
    0x08003190   0x000000f4   Code   RO          444    i.Set_Display_Mode  lcd.o
    0x08003284   0x000000dc   Code   RO          445    i.Set_Scan_Direction  lcd.o
    0x08003360   0x0000006c   Code   RO          869    i.SkyTra_Cfg_Ack_Check  gps.o
    0x080033cc   0x00000060   Code   RO          870    i.SkyTra_Cfg_Prt    gps.o
    0x0800342c   0x00000040   Code   RO          871    i.SkyTra_Cfg_Rate   gps.o
    0x0800346c   0x00000084   Code   RO          872    i.SkyTra_Cfg_Tp     gps.o
    0x080034f0   0x0000002c   Code   RO          873    i.SkyTra_Send_Date  gps.o
    0x0800351c   0x00000024   Code   RO          446    i.Ssd1963_Set_BackLight  lcd.o
    0x08003540   0x00000028   Code   RO         1204    i.SysTick_CLKSourceConfig  misc.o
    0x08003568   0x00000002   Code   RO          213    i.SysTick_Handler   stm32f4xx_it.o
    0x0800356a   0x00000002   PAD
    0x0800356c   0x00000068   Code   RO          305    i.SystemInit        system_stm32f4xx.o
    0x080035d4   0x00000048   Code   RO          609    i.TIM3_IRQHandler   timer.o
    0x0800361c   0x0000005c   Code   RO          610    i.TIM3_Int_Init     timer.o
    0x08003678   0x00000034   Code   RO          611    i.TIM7_IRQHandler   timer.o
    0x080036ac   0x00000054   Code   RO          612    i.TIM7_Int_Init     timer.o
    0x08003700   0x00000006   Code   RO         3280    i.TIM_ClearITPendingBit  stm32f4xx_tim.o
    0x08003706   0x00000018   Code   RO         3285    i.TIM_Cmd           stm32f4xx_tim.o
    0x0800371e   0x00000022   Code   RO         3306    i.TIM_GetITStatus   stm32f4xx_tim.o
    0x08003740   0x00000012   Code   RO         3310    i.TIM_ITConfig      stm32f4xx_tim.o
    0x08003752   0x00000004   Code   RO         3351    i.TIM_SetCounter    stm32f4xx_tim.o
    0x08003756   0x00000002   PAD
    0x08003758   0x00000084   Code   RO         3357    i.TIM_TimeBaseInit  stm32f4xx_tim.o
    0x080037dc   0x00000158   Code   RO            5    i.TU_Value_Conversion  main.o
    0x08003934   0x00000070   Code   RO         1071    i.UART5_IRQHandler  usart.o
    0x080039a4   0x00000038   Code   RO         1072    i.USART1_IRQHandler  usart.o
    0x080039dc   0x00000050   Code   RO         1073    i.USART2_IRQHandler  usart.o
    0x08003a2c   0x00000070   Code   RO         1074    i.USART3_IRQHandler  usart.o
    0x08003a9c   0x00000012   Code   RO         1732    i.USART_ClearFlag   stm32f4xx_usart.o
    0x08003aae   0x0000001e   Code   RO         1733    i.USART_ClearITPendingBit  stm32f4xx_usart.o
    0x08003acc   0x00000018   Code   RO         1736    i.USART_Cmd         stm32f4xx_usart.o
    0x08003ae4   0x000000f0   Code   RO         1738    i.USART_DeInit      stm32f4xx_usart.o
    0x08003bd4   0x0000001a   Code   RO         1739    i.USART_GetFlagStatus  stm32f4xx_usart.o
    0x08003bee   0x00000054   Code   RO         1740    i.USART_GetITStatus  stm32f4xx_usart.o
    0x08003c42   0x0000004a   Code   RO         1742    i.USART_ITConfig    stm32f4xx_usart.o
    0x08003c8c   0x000000d4   Code   RO         1743    i.USART_Init        stm32f4xx_usart.o
    0x08003d60   0x0000000a   Code   RO         1750    i.USART_ReceiveData  stm32f4xx_usart.o
    0x08003d6a   0x00000008   Code   RO         1753    i.USART_SendData    stm32f4xx_usart.o
    0x08003d72   0x00000002   PAD
    0x08003d74   0x00000024   Code   RO         1075    i.Uart1_SendStr     usart.o
    0x08003d98   0x00000028   Code   RO         1076    i.Uart2_SendStr     usart.o
    0x08003dc0   0x00000004   Code   RO          214    i.UsageFault_Handler  stm32f4xx_it.o
    0x08003dc4   0x00000020   Code   RO         5010    i.__0printf         mc_w.l(printfa.o)
    0x08003de4   0x00000028   Code   RO         5012    i.__0sprintf        mc_w.l(printfa.o)
    0x08003e0c   0x0000000e   Code   RO         5094    i.__scatterload_copy  mc_w.l(handlers.o)
    0x08003e1a   0x00000002   Code   RO         5095    i.__scatterload_null  mc_w.l(handlers.o)
    0x08003e1c   0x0000000e   Code   RO         5096    i.__scatterload_zeroinit  mc_w.l(handlers.o)
    0x08003e2a   0x00000002   PAD
    0x08003e2c   0x00000164   Code   RO         5017    i._fp_digits        mc_w.l(printfa.o)
    0x08003f90   0x000006dc   Code   RO         5018    i._printf_core      mc_w.l(printfa.o)
    0x0800466c   0x00000024   Code   RO         5019    i._printf_post_padding  mc_w.l(printfa.o)
    0x08004690   0x0000002e   Code   RO         5020    i._printf_pre_padding  mc_w.l(printfa.o)
    0x080046be   0x0000000a   Code   RO         5022    i._sputc            mc_w.l(printfa.o)
    0x080046c8   0x0000003c   Code   RO         1011    i.delay_init        delay.o
    0x08004704   0x00000038   Code   RO         1012    i.delay_ms          delay.o
    0x0800473c   0x0000004c   Code   RO         1013    i.delay_us          delay.o
    0x08004788   0x0000004c   Code   RO         1014    i.delay_xms         delay.o
    0x080047d4   0x0000001c   Code   RO         1077    i.fputc             usart.o
    0x080047f0   0x00000930   Code   RO            6    i.main              main.o
    0x08005120   0x00000030   Code   RO         1078    i.nbiot_receive_process_event  usart.o
    0x08005150   0x000000c4   Code   RO         1081    i.uart1_init        usart.o
    0x08005214   0x000000cc   Code   RO         1082    i.uart2_init        usart.o
    0x080052e0   0x000000d8   Code   RO         1083    i.uart3_init        usart.o
    0x080053b8   0x00001c34   Data   RO          448    .constdata          lcd.o
    0x08006fec   0x00000024   Data   RO          874    .constdata          gps.o
    0x08007010   0x0000004c   Data   RO          351    .conststring        bc28.o
    0x0800705c   0x00000020   Data   RO         5092    Region$$Table       anon$$obj.o


    Execution Region RW_IRAM1 (Base: 0x20000000, Size: 0x000017a0, Max: 0x00020000, ABSOLUTE)

    Base Addr    Size         Type   Attr      Idx    E Section Name        Object

    0x20000000   0x00000074   Data   RW            8    .data               main.o
    0x20000074   0x00000014   Data   RW          306    .data               system_stm32f4xx.o
    0x20000088   0x0000000c   Data   RW          352    .data               bc28.o
    0x20000094   0x00000012   Data   RW          449    .data               lcd.o
    0x200000a6   0x00000002   Data   RW          613    .data               timer.o
    0x200000a8   0x00000004   Data   RW         1015    .data               delay.o
    0x200000ac   0x00000006   Data   RW         1086    .data               usart.o
    0x200000b2   0x00000010   Data   RW         1395    .data               stm32f4xx_rcc.o
    0x200000c2   0x00000002   PAD
    0x200000c4   0x00000004   Data   RW         5072    .data               mc_w.l(stdout.o)
    0x200000c8   0x00000306   Zero   RW            7    .bss                main.o
    0x200003ce   0x0000057b   Zero   RW          350    .bss                bc28.o
    0x20000949   0x00000007   PAD
    0x20000950   0x00000a50   Zero   RW         1085    .bss                usart.o
    0x200013a0   0x00000400   Zero   RW         1191    STACK               startup_stm32f40_41xxx.o


==============================================================================

Image component sizes


      Code (inc. data)   RO Data    RW Data    ZI Data      Debug   Object Name

       278         18          0          0          0       1996   adc.o
      2984       1246         76         12       1403      33175   bc28.o
       268         16          0          4          0       2587   delay.o
      2338         90         36          0          0      11889   gps.o
      3012        240       7220         18          0      12970   lcd.o
       112         12          0          0          0        587   led.o
      3672        864          0        116        774     338136   main.o
       180         24          0          0          0       2161   misc.o
        36          8        392          0       1024        844   startup_stm32f40_41xxx.o
       418         34          0          0          0       6241   stm32f4xx_adc.o
       282          6          0          0          0       1885   stm32f4xx_fsmc.o
       230          0          0          0          0       3553   stm32f4xx_gpio.o
        26          0          0          0          0       4262   stm32f4xx_it.o
       424         54          0         16          0       6590   stm32f4xx_rcc.o
       218         28          0          0          0       4359   stm32f4xx_tim.o
       726         42          0          0          0       7536   stm32f4xx_usart.o
       340         32          0         20          0       1833   system_stm32f4xx.o
       300         34          0          2          0       2770   timer.o
      1128        104          0          6       2640      10653   usart.o

    ----------------------------------------------------------------------
     16996       2852       7756        196       5848     454027   Object Totals
         0          0         32          0          0          0   (incl. Generated)
        24          0          0          2          7          0   (incl. Padding)

    ----------------------------------------------------------------------

      Code (inc. data)   RO Data    RW Data    ZI Data      Debug   Library Member Name

         0          0          0          0          0          0   entry.o
         0          0          0          0          0          0   entry10a.o
         0          0          0          0          0          0   entry11a.o
         8          4          0          0          0          0   entry2.o
         4          0          0          0          0          0   entry5.o
         0          0          0          0          0          0   entry7b.o
         0          0          0          0          0          0   entry8b.o
         8          4          0          0          0          0   entry9a.o
        30          0          0          0          0          0   handlers.o
        36          8          0          0          0         68   init.o
         0          0          0          0          0          0   iusefp.o
        30          0          0          0          0         68   llshl.o
        36          0          0          0          0         68   llsshr.o
        32          0          0          0          0         68   llushr.o
        36          0          0          0          0        108   memseta.o
      2276         96          0          0          0        596   printfa.o
         0          0          0          4          0          0   stdout.o
        24          0          0          0          0         68   strcat.o
        36          0          0          0          0         80   strstr.o
        44          0          0          0          0         80   uidiv.o
        98          0          0          0          0         92   uldiv.o
        48          0          0          0          0         68   cdcmple.o
        48          0          0          0          0         68   cdrcmple.o
        56          0          0          0          0         88   d2f.o
       334          0          0          0          0        148   dadd.o
       222          0          0          0          0        100   ddiv.o
       186          0          0          0          0        176   depilogue.o
        48          0          0          0          0         68   dfixul.o
        26          0          0          0          0         76   dfltui.o
       228          0          0          0          0         96   dmul.o
        38          0          0          0          0         68   f2d.o
       110          0          0          0          0        168   fepilogue.o

    ----------------------------------------------------------------------
      4044        112          0          4          0       2420   Library Totals
         2          0          0          0          0          0   (incl. Padding)

    ----------------------------------------------------------------------

      Code (inc. data)   RO Data    RW Data    ZI Data      Debug   Library Name

      2698        112          0          4          0       1296   mc_w.l
      1344          0          0          0          0       1124   mf_w.l

    ----------------------------------------------------------------------
      4044        112          0          4          0       2420   Library Totals

    ----------------------------------------------------------------------

==============================================================================


      Code (inc. data)   RO Data    RW Data    ZI Data      Debug   

     21040       2964       7756        200       5848     444103   Grand Totals
     21040       2964       7756        200       5848     444103   ELF Image Totals
     21040       2964       7756        200          0          0   ROM Totals

==============================================================================

    Total RO  Size (Code + RO Data)                28796 (  28.12kB)
    Total RW  Size (RW Data + ZI Data)              6048 (   5.91kB)
    Total ROM Size (Code + RO Data + RW Data)      28996 (  28.32kB)

==============================================================================

